---
http_interactions:
- request:
    method: get
    uri: https://jumbotron.s3.amazonaws.com/?prefix=ncb-teams/headers
    body:
      encoding: US-ASCII
      string: ''
    headers:
      User-Agent:
      - fog/1.28.0 fog-core/1.29.0
      X-Amz-Date:
      - 20150312T152750Z
      X-Amz-Content-Sha256:
      - e3b0c44298fc1c149afbf4c8996fb92427ae41e4649b934ca495991b7852b855
      Authorization:
      - AWS4-HMAC-SHA256 Credential=AKIAIVXQW4R7NNLJLUUA/20150312/us-east-1/s3/aws4_request,
        SignedHeaders=host;x-amz-content-sha256;x-amz-date, Signature=4c113b7b4fea99d8059f733ec42be657ab7da22b1f88a23df41276c92d7fd592
  response:
    status:
      code: 200
      message: ''
    headers:
      X-Amz-Id-2:
      - lf1INLM7hoKHMwrNrWPobEjeJ/8ADT4vKWwoxwhmEbx0pb/N3WUKe/iddGy8rdKW
      X-Amz-Request-Id:
      - 8FEBF90004B35269
      Date:
      - Thu, 12 Mar 2015 15:27:46 GMT
      Content-Type:
      - application/xml
      Server:
      - AmazonS3
    body:
      encoding: UTF-8
      string: |-
        <?xml version="1.0" encoding="UTF-8"?>
        <ListBucketResult xmlns="http://s3.amazonaws.com/doc/2006-03-01/"><Name>jumbotron</Name><Prefix>ncb-teams/headers</Prefix><Marker></Marker><MaxKeys>1000</MaxKeys><IsTruncated>false</IsTruncated><Contents><Key>ncb-teams/headers/103.png</Key><LastModified>2015-03-01T04:20:07.000Z</LastModified><ETag>&quot;5b94190ccb6f7046c3471b4d5dc9802b&quot;</ETag><Size>327202</Size><Owner><ID>7b7b584f27902c2c93137fdcfa7ec7b4c869ae5e7918d18bd35b75dcea17e266</ID><DisplayName>mikesilvis</DisplayName></Owner><StorageClass>STANDARD</StorageClass></Contents><Contents><Key>ncb-teams/headers/113.png</Key><LastModified>2015-03-01T04:19:12.000Z</LastModified><ETag>&quot;2a353e7d6ffd76cf7f9ec69a41383ab1&quot;</ETag><Size>375226</Size><Owner><ID>7b7b584f27902c2c93137fdcfa7ec7b4c869ae5e7918d18bd35b75dcea17e266</ID><DisplayName>mikesilvis</DisplayName></Owner><StorageClass>STANDARD</StorageClass></Contents><Contents><Key>ncb-teams/headers/120.png</Key><LastModified>2015-03-01T04:18:42.000Z</LastModified><ETag>&quot;503bc3eb9be99f09c0c3cd61433de1ef&quot;</ETag><Size>391825</Size><Owner><ID>7b7b584f27902c2c93137fdcfa7ec7b4c869ae5e7918d18bd35b75dcea17e266</ID><DisplayName>mikesilvis</DisplayName></Owner><StorageClass>STANDARD</StorageClass></Contents><Contents><Key>ncb-teams/headers/127.png</Key><LastModified>2015-03-01T04:18:06.000Z</LastModified><ETag>&quot;4270f94a7793717c255e2e5b5591c7ab&quot;</ETag><Size>460202</Size><Owner><ID>7b7b584f27902c2c93137fdcfa7ec7b4c869ae5e7918d18bd35b75dcea17e266</ID><DisplayName>mikesilvis</DisplayName></Owner><StorageClass>STANDARD</StorageClass></Contents><Contents><Key>ncb-teams/headers/130.png</Key><LastModified>2015-03-01T04:18:21.000Z</LastModified><ETag>&quot;e8bc2a60089d1cf2c5d9b594bc4d3a2c&quot;</ETag><Size>433234</Size><Owner><ID>7b7b584f27902c2c93137fdcfa7ec7b4c869ae5e7918d18bd35b75dcea17e266</ID><DisplayName>mikesilvis</DisplayName></Owner><StorageClass>STANDARD</StorageClass></Contents><Contents><Key>ncb-teams/headers/135.png</Key><LastModified>2015-03-01T04:18:51.000Z</LastModified><ETag>&quot;1037823b0b34651f3e918aeb013986f4&quot;</ETag><Size>387804</Size><Owner><ID>7b7b584f27902c2c93137fdcfa7ec7b4c869ae5e7918d18bd35b75dcea17e266</ID><DisplayName>mikesilvis</DisplayName></Owner><StorageClass>STANDARD</StorageClass></Contents><Contents><Key>ncb-teams/headers/158.png</Key><LastModified>2015-03-01T04:18:30.000Z</LastModified><ETag>&quot;54ff628b9ec4a4b7b0a89e2c44f0c5df&quot;</ETag><Size>418393</Size><Owner><ID>7b7b584f27902c2c93137fdcfa7ec7b4c869ae5e7918d18bd35b75dcea17e266</ID><DisplayName>mikesilvis</DisplayName></Owner><StorageClass>STANDARD</StorageClass></Contents><Contents><Key>ncb-teams/headers/16.png</Key><LastModified>2015-03-01T04:17:45.000Z</LastModified><ETag>&quot;c8d58cbf2e338c2264437371007ada8e&quot;</ETag><Size>501666</Size><Owner><ID>7b7b584f27902c2c93137fdcfa7ec7b4c869ae5e7918d18bd35b75dcea17e266</ID><DisplayName>mikesilvis</DisplayName></Owner><StorageClass>STANDARD</StorageClass></Contents><Contents><Key>ncb-teams/headers/160.png</Key><LastModified>2015-03-01T04:19:35.000Z</LastModified><ETag>&quot;4f41b6385e899d89733dc96bf04e0f9a&quot;</ETag><Size>361769</Size><Owner><ID>7b7b584f27902c2c93137fdcfa7ec7b4c869ae5e7918d18bd35b75dcea17e266</ID><DisplayName>mikesilvis</DisplayName></Owner><StorageClass>STANDARD</StorageClass></Contents><Contents><Key>ncb-teams/headers/164.png</Key><LastModified>2015-03-01T04:19:24.000Z</LastModified><ETag>&quot;b2af1cddcb572cc44b206fbd8b217a4a&quot;</ETag><Size>370869</Size><Owner><ID>7b7b584f27902c2c93137fdcfa7ec7b4c869ae5e7918d18bd35b75dcea17e266</ID><DisplayName>mikesilvis</DisplayName></Owner><StorageClass>STANDARD</StorageClass></Contents><Contents><Key>ncb-teams/headers/183.png</Key><LastModified>2015-03-01T04:18:55.000Z</LastModified><ETag>&quot;3cd1e03b1db6e0251ec3f0e70bfc10c2&quot;</ETag><Size>386306</Size><Owner><ID>7b7b584f27902c2c93137fdcfa7ec7b4c869ae5e7918d18bd35b75dcea17e266</ID><DisplayName>mikesilvis</DisplayName></Owner><StorageClass>STANDARD</StorageClass></Contents><Contents><Key>ncb-teams/headers/194.png</Key><LastModified>2015-02-11T05:39:30.000Z</LastModified><ETag>&quot;76654616e1bb606b25d441923c47e7b8&quot;</ETag><Size>278830</Size><Owner><ID>7b7b584f27902c2c93137fdcfa7ec7b4c869ae5e7918d18bd35b75dcea17e266</ID><DisplayName>mikesilvis</DisplayName></Owner><StorageClass>STANDARD</StorageClass></Contents><Contents><Key>ncb-teams/headers/2116.png</Key><LastModified>2015-03-01T04:18:26.000Z</LastModified><ETag>&quot;75b24f436b24da4938418a33c8041e29&quot;</ETag><Size>431658</Size><Owner><ID>7b7b584f27902c2c93137fdcfa7ec7b4c869ae5e7918d18bd35b75dcea17e266</ID><DisplayName>mikesilvis</DisplayName></Owner><StorageClass>STANDARD</StorageClass></Contents><Contents><Key>ncb-teams/headers/213.png</Key><LastModified>2015-03-01T04:19:48.000Z</LastModified><ETag>&quot;3ffe694ee93a60e072864d42ff91a021&quot;</ETag><Size>352132</Size><Owner><ID>7b7b584f27902c2c93137fdcfa7ec7b4c869ae5e7918d18bd35b75dcea17e266</ID><DisplayName>mikesilvis</DisplayName></Owner><StorageClass>STANDARD</StorageClass></Contents><Contents><Key>ncb-teams/headers/2132.png</Key><LastModified>2015-03-01T04:19:52.000Z</LastModified><ETag>&quot;57b9b51beffea81bd1e04d96736f6676&quot;</ETag><Size>348844</Size><Owner><ID>7b7b584f27902c2c93137fdcfa7ec7b4c869ae5e7918d18bd35b75dcea17e266</ID><DisplayName>mikesilvis</DisplayName></Owner><StorageClass>STANDARD</StorageClass></Contents><Contents><Key>ncb-teams/headers/218.png</Key><LastModified>2015-03-01T04:18:46.000Z</LastModified><ETag>&quot;5b90382ad8cffed6a08d2b49722829cb&quot;</ETag><Size>390024</Size><Owner><ID>7b7b584f27902c2c93137fdcfa7ec7b4c869ae5e7918d18bd35b75dcea17e266</ID><DisplayName>mikesilvis</DisplayName></Owner><StorageClass>STANDARD</StorageClass></Contents><Contents><Key>ncb-teams/headers/221.png</Key><LastModified>2015-03-01T04:19:39.000Z</LastModified><ETag>&quot;d82caae1fe001d804ac54608025fe88b&quot;</ETag><Size>359486</Size><Owner><ID>7b7b584f27902c2c93137fdcfa7ec7b4c869ae5e7918d18bd35b75dcea17e266</ID><DisplayName>mikesilvis</DisplayName></Owner><StorageClass>STANDARD</StorageClass></Contents><Contents><Key>ncb-teams/headers/227.png</Key><LastModified>2015-03-01T04:20:03.000Z</LastModified><ETag>&quot;258124d2240e75e3abe4d1103f905bda&quot;</ETag><Size>343817</Size><Owner><ID>7b7b584f27902c2c93137fdcfa7ec7b4c869ae5e7918d18bd35b75dcea17e266</ID><DisplayName>mikesilvis</DisplayName></Owner><StorageClass>STANDARD</StorageClass></Contents><Contents><Key>ncb-teams/headers/2349.png</Key><LastModified>2015-03-01T04:20:19.000Z</LastModified><ETag>&quot;76637250fc827f878ff2d125f76b9c7b&quot;</ETag><Size>313231</Size><Owner><ID>7b7b584f27902c2c93137fdcfa7ec7b4c869ae5e7918d18bd35b75dcea17e266</ID><DisplayName>mikesilvis</DisplayName></Owner><StorageClass>STANDARD</StorageClass></Contents><Contents><Key>ncb-teams/headers/2378.png</Key><LastModified>2015-03-01T04:19:07.000Z</LastModified><ETag>&quot;270642d9529f8cb438b8fe5f3bcb35b4&quot;</ETag><Size>380221</Size><Owner><ID>7b7b584f27902c2c93137fdcfa7ec7b4c869ae5e7918d18bd35b75dcea17e266</ID><DisplayName>mikesilvis</DisplayName></Owner><StorageClass>STANDARD</StorageClass></Contents><Contents><Key>ncb-teams/headers/239.png</Key><LastModified>2015-03-01T04:19:17.000Z</LastModified><ETag>&quot;c4e9f587d1f978d96f3bd043ff54c7b3&quot;</ETag><Size>374589</Size><Owner><ID>7b7b584f27902c2c93137fdcfa7ec7b4c869ae5e7918d18bd35b75dcea17e266</ID><DisplayName>mikesilvis</DisplayName></Owner><StorageClass>STANDARD</StorageClass></Contents><Contents><Key>ncb-teams/headers/2390.png</Key><LastModified>2015-03-01T04:19:30.000Z</LastModified><ETag>&quot;61f22f13a0e944232bec271dbb98c68b&quot;</ETag><Size>364057</Size><Owner><ID>7b7b584f27902c2c93137fdcfa7ec7b4c869ae5e7918d18bd35b75dcea17e266</ID><DisplayName>mikesilvis</DisplayName></Owner><StorageClass>STANDARD</StorageClass></Contents><Contents><Key>ncb-teams/headers/248.png</Key><LastModified>2015-03-01T04:19:03.000Z</LastModified><ETag>&quot;156e62eebda0cbc1f36bc0810a537463&quot;</ETag><Size>384908</Size><Owner><ID>7b7b584f27902c2c93137fdcfa7ec7b4c869ae5e7918d18bd35b75dcea17e266</ID><DisplayName>mikesilvis</DisplayName></Owner><StorageClass>STANDARD</StorageClass></Contents><Contents><Key>ncb-teams/headers/2501.png</Key><LastModified>2015-03-01T04:20:32.000Z</LastModified><ETag>&quot;534ec35eae62f8e6de28a63977bcebd1&quot;</ETag><Size>283011</Size><Owner><ID>7b7b584f27902c2c93137fdcfa7ec7b4c869ae5e7918d18bd35b75dcea17e266</ID><DisplayName>mikesilvis</DisplayName></Owner><StorageClass>STANDARD</StorageClass></Contents><Contents><Key>ncb-teams/headers/2539.png</Key><LastModified>2015-03-01T04:17:57.000Z</LastModified><ETag>&quot;c08b7669dc4bd5db14180fbfc7fe9099&quot;</ETag><Size>473064</Size><Owner><ID>7b7b584f27902c2c93137fdcfa7ec7b4c869ae5e7918d18bd35b75dcea17e266</ID><DisplayName>mikesilvis</DisplayName></Owner><StorageClass>STANDARD</StorageClass></Contents><Contents><Key>ncb-teams/headers/261.png</Key><LastModified>2015-03-01T04:20:11.000Z</LastModified><ETag>&quot;1cdc3adadbf87af840975a607a5919fe&quot;</ETag><Size>318698</Size><Owner><ID>7b7b584f27902c2c93137fdcfa7ec7b4c869ae5e7918d18bd35b75dcea17e266</ID><DisplayName>mikesilvis</DisplayName></Owner><StorageClass>STANDARD</StorageClass></Contents><Contents><Key>ncb-teams/headers/2619.png</Key><LastModified>2015-03-01T04:20:00.000Z</LastModified><ETag>&quot;f005ff56791c85a8905052f6a867b009&quot;</ETag><Size>345820</Size><Owner><ID>7b7b584f27902c2c93137fdcfa7ec7b4c869ae5e7918d18bd35b75dcea17e266</ID><DisplayName>mikesilvis</DisplayName></Owner><StorageClass>STANDARD</StorageClass></Contents><Contents><Key>ncb-teams/headers/275.png</Key><LastModified>2015-03-01T04:18:59.000Z</LastModified><ETag>&quot;e4d49011ac2e31741e8529d7d5a04436&quot;</ETag><Size>385202</Size><Owner><ID>7b7b584f27902c2c93137fdcfa7ec7b4c869ae5e7918d18bd35b75dcea17e266</ID><DisplayName>mikesilvis</DisplayName></Owner><StorageClass>STANDARD</StorageClass></Contents><Contents><Key>ncb-teams/headers/311.png</Key><LastModified>2015-03-01T04:20:15.000Z</LastModified><ETag>&quot;68e233f6265bea3f8508b4f60407e272&quot;</ETag><Size>314902</Size><Owner><ID>7b7b584f27902c2c93137fdcfa7ec7b4c869ae5e7918d18bd35b75dcea17e266</ID><DisplayName>mikesilvis</DisplayName></Owner><StorageClass>STANDARD</StorageClass></Contents><Contents><Key>ncb-teams/headers/41.png</Key><LastModified>2015-03-01T04:18:38.000Z</LastModified><ETag>&quot;254e3daa1e16365c9843b486c93d218e&quot;</ETag><Size>402853</Size><Owner><ID>7b7b584f27902c2c93137fdcfa7ec7b4c869ae5e7918d18bd35b75dcea17e266</ID><DisplayName>mikesilvis</DisplayName></Owner><StorageClass>STANDARD</StorageClass></Contents><Contents><Key>ncb-teams/headers/42.png</Key><LastModified>2015-03-01T04:18:34.000Z</LastModified><ETag>&quot;db190bea70e9281efefd9da825104fad&quot;</ETag><Size>415571</Size><Owner><ID>7b7b584f27902c2c93137fdcfa7ec7b4c869ae5e7918d18bd35b75dcea17e266</ID><DisplayName>mikesilvis</DisplayName></Owner><StorageClass>STANDARD</StorageClass></Contents><Contents><Key>ncb-teams/headers/52.png</Key><LastModified>2015-03-01T04:18:10.000Z</LastModified><ETag>&quot;34f3883a02c6b349e376064414d39930&quot;</ETag><Size>443904</Size><Owner><ID>7b7b584f27902c2c93137fdcfa7ec7b4c869ae5e7918d18bd35b75dcea17e266</ID><DisplayName>mikesilvis</DisplayName></Owner><StorageClass>STANDARD</StorageClass></Contents><Contents><Key>ncb-teams/headers/58.png</Key><LastModified>2015-03-01T04:19:56.000Z</LastModified><ETag>&quot;dc4a332d2987e96ccba4bd9812690046&quot;</ETag><Size>348518</Size><Owner><ID>7b7b584f27902c2c93137fdcfa7ec7b4c869ae5e7918d18bd35b75dcea17e266</ID><DisplayName>mikesilvis</DisplayName></Owner><StorageClass>STANDARD</StorageClass></Contents><Contents><Key>ncb-teams/headers/66.png</Key><LastModified>2015-03-01T04:19:44.000Z</LastModified><ETag>&quot;d8e5df65e04583fdabfac773c2f7b379&quot;</ETag><Size>354044</Size><Owner><ID>7b7b584f27902c2c93137fdcfa7ec7b4c869ae5e7918d18bd35b75dcea17e266</ID><DisplayName>mikesilvis</DisplayName></Owner><StorageClass>STANDARD</StorageClass></Contents><Contents><Key>ncb-teams/headers/77.png</Key><LastModified>2015-03-01T04:17:53.000Z</LastModified><ETag>&quot;720adcabba4c67579623981942c3e370&quot;</ETag><Size>500302</Size><Owner><ID>7b7b584f27902c2c93137fdcfa7ec7b4c869ae5e7918d18bd35b75dcea17e266</ID><DisplayName>mikesilvis</DisplayName></Owner><StorageClass>STANDARD</StorageClass></Contents><Contents><Key>ncb-teams/headers/87.png</Key><LastModified>2015-03-01T04:20:26.000Z</LastModified><ETag>&quot;fc02afa3ba29a1dfc8c838afe75fc224&quot;</ETag><Size>303125</Size><Owner><ID>7b7b584f27902c2c93137fdcfa7ec7b4c869ae5e7918d18bd35b75dcea17e266</ID><DisplayName>mikesilvis</DisplayName></Owner><StorageClass>STANDARD</StorageClass></Contents><Contents><Key>ncb-teams/headers/97.png</Key><LastModified>2015-03-01T04:18:02.000Z</LastModified><ETag>&quot;ebdfc55a5c5412e8ee994721d9b6c7de&quot;</ETag><Size>460568</Size><Owner><ID>7b7b584f27902c2c93137fdcfa7ec7b4c869ae5e7918d18bd35b75dcea17e266</ID><DisplayName>mikesilvis</DisplayName></Owner><StorageClass>STANDARD</StorageClass></Contents></ListBucketResult>
    http_version: 
  recorded_at: Thu, 12 Mar 2015 15:27:52 GMT
- request:
    method: get
    uri: https://jumbotron.s3.amazonaws.com/?prefix=ncb-teams/blurred-headers
    body:
      encoding: US-ASCII
      string: ''
    headers:
      User-Agent:
      - fog/1.28.0 fog-core/1.29.0
      X-Amz-Date:
      - 20150312T152752Z
      X-Amz-Content-Sha256:
      - e3b0c44298fc1c149afbf4c8996fb92427ae41e4649b934ca495991b7852b855
      Authorization:
      - AWS4-HMAC-SHA256 Credential=AKIAIVXQW4R7NNLJLUUA/20150312/us-east-1/s3/aws4_request,
        SignedHeaders=host;x-amz-content-sha256;x-amz-date, Signature=e87f37d700af3dd6bf963e234d03c98c4fb1b243f01546387a6ee6b564c453b7
  response:
    status:
      code: 200
      message: ''
    headers:
      X-Amz-Id-2:
      - DkovPlOlx3qXksWx5pmQ/quQEBE0KH66Y8Aqg6PPNU9zUALlkPG6+faJNE3xlZfM
      X-Amz-Request-Id:
      - EF04D2A94367640E
      Date:
      - Thu, 12 Mar 2015 15:27:47 GMT
      Content-Type:
      - application/xml
      Server:
      - AmazonS3
    body:
      encoding: UTF-8
      string: |-
        <?xml version="1.0" encoding="UTF-8"?>
        <ListBucketResult xmlns="http://s3.amazonaws.com/doc/2006-03-01/"><Name>jumbotron</Name><Prefix>ncb-teams/blurred-headers</Prefix><Marker></Marker><MaxKeys>1000</MaxKeys><IsTruncated>false</IsTruncated><Contents><Key>ncb-teams/blurred-headers/</Key><LastModified>2015-02-11T05:39:20.000Z</LastModified><ETag>&quot;d41d8cd98f00b204e9800998ecf8427e&quot;</ETag><Size>0</Size><Owner><ID>7b7b584f27902c2c93137fdcfa7ec7b4c869ae5e7918d18bd35b75dcea17e266</ID><DisplayName>mikesilvis</DisplayName></Owner><StorageClass>STANDARD</StorageClass></Contents><Contents><Key>ncb-teams/blurred-headers/103.png</Key><LastModified>2015-03-01T04:22:42.000Z</LastModified><ETag>&quot;57b74ccc4beb3c89a43ef7b28d2169d1&quot;</ETag><Size>301523</Size><Owner><ID>7b7b584f27902c2c93137fdcfa7ec7b4c869ae5e7918d18bd35b75dcea17e266</ID><DisplayName>mikesilvis</DisplayName></Owner><StorageClass>STANDARD</StorageClass></Contents><Contents><Key>ncb-teams/blurred-headers/113.png</Key><LastModified>2015-03-01T04:22:48.000Z</LastModified><ETag>&quot;4cd0b101b33c68a55de64127a9afc663&quot;</ETag><Size>307547</Size><Owner><ID>7b7b584f27902c2c93137fdcfa7ec7b4c869ae5e7918d18bd35b75dcea17e266</ID><DisplayName>mikesilvis</DisplayName></Owner><StorageClass>STANDARD</StorageClass></Contents><Contents><Key>ncb-teams/blurred-headers/120.png</Key><LastModified>2015-03-01T04:22:52.000Z</LastModified><ETag>&quot;9a417fdfcc84d53b05027d90057bf821&quot;</ETag><Size>317907</Size><Owner><ID>7b7b584f27902c2c93137fdcfa7ec7b4c869ae5e7918d18bd35b75dcea17e266</ID><DisplayName>mikesilvis</DisplayName></Owner><StorageClass>STANDARD</StorageClass></Contents><Contents><Key>ncb-teams/blurred-headers/127.png</Key><LastModified>2015-03-01T04:22:55.000Z</LastModified><ETag>&quot;12df570b8bf1cb620d367cffeac085d0&quot;</ETag><Size>292072</Size><Owner><ID>7b7b584f27902c2c93137fdcfa7ec7b4c869ae5e7918d18bd35b75dcea17e266</ID><DisplayName>mikesilvis</DisplayName></Owner><StorageClass>STANDARD</StorageClass></Contents><Contents><Key>ncb-teams/blurred-headers/130.png</Key><LastModified>2015-03-01T04:22:58.000Z</LastModified><ETag>&quot;7d28a0945f34cabaa3039afcf0b07d8e&quot;</ETag><Size>336145</Size><Owner><ID>7b7b584f27902c2c93137fdcfa7ec7b4c869ae5e7918d18bd35b75dcea17e266</ID><DisplayName>mikesilvis</DisplayName></Owner><StorageClass>STANDARD</StorageClass></Contents><Contents><Key>ncb-teams/blurred-headers/135.png</Key><LastModified>2015-03-01T04:23:03.000Z</LastModified><ETag>&quot;ec5136b44b63d1854d7d1e56670fd68f&quot;</ETag><Size>328530</Size><Owner><ID>7b7b584f27902c2c93137fdcfa7ec7b4c869ae5e7918d18bd35b75dcea17e266</ID><DisplayName>mikesilvis</DisplayName></Owner><StorageClass>STANDARD</StorageClass></Contents><Contents><Key>ncb-teams/blurred-headers/158.png</Key><LastModified>2015-03-01T04:23:09.000Z</LastModified><ETag>&quot;1d7253e7b3fc3177a7fb342f0dbfe33b&quot;</ETag><Size>325256</Size><Owner><ID>7b7b584f27902c2c93137fdcfa7ec7b4c869ae5e7918d18bd35b75dcea17e266</ID><DisplayName>mikesilvis</DisplayName></Owner><StorageClass>STANDARD</StorageClass></Contents><Contents><Key>ncb-teams/blurred-headers/16.png</Key><LastModified>2015-03-01T04:21:52.000Z</LastModified><ETag>&quot;4ac3fd6c2cfed6e0e2add63e332f029b&quot;</ETag><Size>432674</Size><Owner><ID>7b7b584f27902c2c93137fdcfa7ec7b4c869ae5e7918d18bd35b75dcea17e266</ID><DisplayName>mikesilvis</DisplayName></Owner><StorageClass>STANDARD</StorageClass></Contents><Contents><Key>ncb-teams/blurred-headers/160.png</Key><LastModified>2015-03-01T04:23:12.000Z</LastModified><ETag>&quot;44e5949e3d1d6865ccc362bb4cae6cb5&quot;</ETag><Size>299552</Size><Owner><ID>7b7b584f27902c2c93137fdcfa7ec7b4c869ae5e7918d18bd35b75dcea17e266</ID><DisplayName>mikesilvis</DisplayName></Owner><StorageClass>STANDARD</StorageClass></Contents><Contents><Key>ncb-teams/blurred-headers/164.png</Key><LastModified>2015-03-01T04:23:16.000Z</LastModified><ETag>&quot;006ec122491c4388d64ae56ba93ee296&quot;</ETag><Size>261469</Size><Owner><ID>7b7b584f27902c2c93137fdcfa7ec7b4c869ae5e7918d18bd35b75dcea17e266</ID><DisplayName>mikesilvis</DisplayName></Owner><StorageClass>STANDARD</StorageClass></Contents><Contents><Key>ncb-teams/blurred-headers/183.png</Key><LastModified>2015-03-01T04:23:21.000Z</LastModified><ETag>&quot;ca914a5a4eec7a23ca43602458b5dc0f&quot;</ETag><Size>270312</Size><Owner><ID>7b7b584f27902c2c93137fdcfa7ec7b4c869ae5e7918d18bd35b75dcea17e266</ID><DisplayName>mikesilvis</DisplayName></Owner><StorageClass>STANDARD</StorageClass></Contents><Contents><Key>ncb-teams/blurred-headers/194.png</Key><LastModified>2015-02-11T05:39:22.000Z</LastModified><ETag>&quot;629a90cf3f618cde8bb1f5657732f030&quot;</ETag><Size>135099</Size><Owner><ID>7b7b584f27902c2c93137fdcfa7ec7b4c869ae5e7918d18bd35b75dcea17e266</ID><DisplayName>mikesilvis</DisplayName></Owner><StorageClass>STANDARD</StorageClass></Contents><Contents><Key>ncb-teams/blurred-headers/2116.png</Key><LastModified>2015-03-01T04:24:17.000Z</LastModified><ETag>&quot;17c462d1da6196c35d13aae478dd30ea&quot;</ETag><Size>368697</Size><Owner><ID>7b7b584f27902c2c93137fdcfa7ec7b4c869ae5e7918d18bd35b75dcea17e266</ID><DisplayName>mikesilvis</DisplayName></Owner><StorageClass>STANDARD</StorageClass></Contents><Contents><Key>ncb-teams/blurred-headers/213.png</Key><LastModified>2015-03-01T04:23:24.000Z</LastModified><ETag>&quot;ba04d8898593fd004d638243f1f5b00f&quot;</ETag><Size>263508</Size><Owner><ID>7b7b584f27902c2c93137fdcfa7ec7b4c869ae5e7918d18bd35b75dcea17e266</ID><DisplayName>mikesilvis</DisplayName></Owner><StorageClass>STANDARD</StorageClass></Contents><Contents><Key>ncb-teams/blurred-headers/2132.png</Key><LastModified>2015-03-01T04:24:22.000Z</LastModified><ETag>&quot;eeb0305bf0a9f32afda89515646d3c10&quot;</ETag><Size>231408</Size><Owner><ID>7b7b584f27902c2c93137fdcfa7ec7b4c869ae5e7918d18bd35b75dcea17e266</ID><DisplayName>mikesilvis</DisplayName></Owner><StorageClass>STANDARD</StorageClass></Contents><Contents><Key>ncb-teams/blurred-headers/218.png</Key><LastModified>2015-03-01T04:23:27.000Z</LastModified><ETag>&quot;3cb5712b3802fa05520c693075adb858&quot;</ETag><Size>283345</Size><Owner><ID>7b7b584f27902c2c93137fdcfa7ec7b4c869ae5e7918d18bd35b75dcea17e266</ID><DisplayName>mikesilvis</DisplayName></Owner><StorageClass>STANDARD</StorageClass></Contents><Contents><Key>ncb-teams/blurred-headers/2184.png</Key><LastModified>2015-03-01T04:24:26.000Z</LastModified><ETag>&quot;865a73a1abbc9361577de7fd58d1e3fe&quot;</ETag><Size>196358</Size><Owner><ID>7b7b584f27902c2c93137fdcfa7ec7b4c869ae5e7918d18bd35b75dcea17e266</ID><DisplayName>mikesilvis</DisplayName></Owner><StorageClass>STANDARD</StorageClass></Contents><Contents><Key>ncb-teams/blurred-headers/221.png</Key><LastModified>2015-03-01T04:23:30.000Z</LastModified><ETag>&quot;6a008c1fde2e46980f7d606aa041863d&quot;</ETag><Size>300814</Size><Owner><ID>7b7b584f27902c2c93137fdcfa7ec7b4c869ae5e7918d18bd35b75dcea17e266</ID><DisplayName>mikesilvis</DisplayName></Owner><StorageClass>STANDARD</StorageClass></Contents><Contents><Key>ncb-teams/blurred-headers/227.png</Key><LastModified>2015-03-01T04:23:34.000Z</LastModified><ETag>&quot;578db16ec0f66c73be0a61f955f59839&quot;</ETag><Size>231940</Size><Owner><ID>7b7b584f27902c2c93137fdcfa7ec7b4c869ae5e7918d18bd35b75dcea17e266</ID><DisplayName>mikesilvis</DisplayName></Owner><StorageClass>STANDARD</StorageClass></Contents><Contents><Key>ncb-teams/blurred-headers/2349.png</Key><LastModified>2015-03-01T04:24:29.000Z</LastModified><ETag>&quot;0aa8fff8c380307383a466943633eb7f&quot;</ETag><Size>259131</Size><Owner><ID>7b7b584f27902c2c93137fdcfa7ec7b4c869ae5e7918d18bd35b75dcea17e266</ID><DisplayName>mikesilvis</DisplayName></Owner><StorageClass>STANDARD</StorageClass></Contents><Contents><Key>ncb-teams/blurred-headers/2378.png</Key><LastModified>2015-03-01T04:24:32.000Z</LastModified><ETag>&quot;8416d350e9652fc2ae507c5ef5bf9da8&quot;</ETag><Size>294841</Size><Owner><ID>7b7b584f27902c2c93137fdcfa7ec7b4c869ae5e7918d18bd35b75dcea17e266</ID><DisplayName>mikesilvis</DisplayName></Owner><StorageClass>STANDARD</StorageClass></Contents><Contents><Key>ncb-teams/blurred-headers/239.png</Key><LastModified>2015-03-01T04:23:39.000Z</LastModified><ETag>&quot;8901a6ebdf1ba2163df62548ea61b72b&quot;</ETag><Size>257244</Size><Owner><ID>7b7b584f27902c2c93137fdcfa7ec7b4c869ae5e7918d18bd35b75dcea17e266</ID><DisplayName>mikesilvis</DisplayName></Owner><StorageClass>STANDARD</StorageClass></Contents><Contents><Key>ncb-teams/blurred-headers/2390.png</Key><LastModified>2015-03-01T04:24:38.000Z</LastModified><ETag>&quot;0c6a3d6e9ad62b0178ee6765aabc09b4&quot;</ETag><Size>289847</Size><Owner><ID>7b7b584f27902c2c93137fdcfa7ec7b4c869ae5e7918d18bd35b75dcea17e266</ID><DisplayName>mikesilvis</DisplayName></Owner><StorageClass>STANDARD</StorageClass></Contents><Contents><Key>ncb-teams/blurred-headers/248.png</Key><LastModified>2015-03-01T04:23:42.000Z</LastModified><ETag>&quot;80b550b5d90ddd6cfe48c6cdc31328f0&quot;</ETag><Size>267366</Size><Owner><ID>7b7b584f27902c2c93137fdcfa7ec7b4c869ae5e7918d18bd35b75dcea17e266</ID><DisplayName>mikesilvis</DisplayName></Owner><StorageClass>STANDARD</StorageClass></Contents><Contents><Key>ncb-teams/blurred-headers/2501.png</Key><LastModified>2015-03-01T04:24:42.000Z</LastModified><ETag>&quot;b269d72079e210bc4e24a8bc8522b6c8&quot;</ETag><Size>248623</Size><Owner><ID>7b7b584f27902c2c93137fdcfa7ec7b4c869ae5e7918d18bd35b75dcea17e266</ID><DisplayName>mikesilvis</DisplayName></Owner><StorageClass>STANDARD</StorageClass></Contents><Contents><Key>ncb-teams/blurred-headers/2539.png</Key><LastModified>2015-03-01T04:24:44.000Z</LastModified><ETag>&quot;0724b8a93a6cdd6060b205ecd4182baf&quot;</ETag><Size>402589</Size><Owner><ID>7b7b584f27902c2c93137fdcfa7ec7b4c869ae5e7918d18bd35b75dcea17e266</ID><DisplayName>mikesilvis</DisplayName></Owner><StorageClass>STANDARD</StorageClass></Contents><Contents><Key>ncb-teams/blurred-headers/261.png</Key><LastModified>2015-03-01T04:23:51.000Z</LastModified><ETag>&quot;14163e271a8108855f86f0f89347014a&quot;</ETag><Size>267193</Size><Owner><ID>7b7b584f27902c2c93137fdcfa7ec7b4c869ae5e7918d18bd35b75dcea17e266</ID><DisplayName>mikesilvis</DisplayName></Owner><StorageClass>STANDARD</StorageClass></Contents><Contents><Key>ncb-teams/blurred-headers/2619.png</Key><LastModified>2015-03-01T04:24:48.000Z</LastModified><ETag>&quot;873f6abda4d70faf5f9df6e76e349878&quot;</ETag><Size>253905</Size><Owner><ID>7b7b584f27902c2c93137fdcfa7ec7b4c869ae5e7918d18bd35b75dcea17e266</ID><DisplayName>mikesilvis</DisplayName></Owner><StorageClass>STANDARD</StorageClass></Contents><Contents><Key>ncb-teams/blurred-headers/275.png</Key><LastModified>2015-03-01T04:23:58.000Z</LastModified><ETag>&quot;4e490afa4ae5242120caea672d4d338f&quot;</ETag><Size>320176</Size><Owner><ID>7b7b584f27902c2c93137fdcfa7ec7b4c869ae5e7918d18bd35b75dcea17e266</ID><DisplayName>mikesilvis</DisplayName></Owner><StorageClass>STANDARD</StorageClass></Contents><Contents><Key>ncb-teams/blurred-headers/311.png</Key><LastModified>2015-03-01T04:24:09.000Z</LastModified><ETag>&quot;2ec22f6f365a5cb2c61b59fff56570a9&quot;</ETag><Size>265386</Size><Owner><ID>7b7b584f27902c2c93137fdcfa7ec7b4c869ae5e7918d18bd35b75dcea17e266</ID><DisplayName>mikesilvis</DisplayName></Owner><StorageClass>STANDARD</StorageClass></Contents><Contents><Key>ncb-teams/blurred-headers/399.png</Key><LastModified>2015-03-01T04:24:14.000Z</LastModified><ETag>&quot;1a8d3244a409f2b13aa683a0ae197f3f&quot;</ETag><Size>261096</Size><Owner><ID>7b7b584f27902c2c93137fdcfa7ec7b4c869ae5e7918d18bd35b75dcea17e266</ID><DisplayName>mikesilvis</DisplayName></Owner><StorageClass>STANDARD</StorageClass></Contents><Contents><Key>ncb-teams/blurred-headers/41.png</Key><LastModified>2015-03-01T04:21:56.000Z</LastModified><ETag>&quot;6b9a3415870bac1bca2c3e8a3637c47a&quot;</ETag><Size>250010</Size><Owner><ID>7b7b584f27902c2c93137fdcfa7ec7b4c869ae5e7918d18bd35b75dcea17e266</ID><DisplayName>mikesilvis</DisplayName></Owner><StorageClass>STANDARD</StorageClass></Contents><Contents><Key>ncb-teams/blurred-headers/42.png</Key><LastModified>2015-03-01T04:22:01.000Z</LastModified><ETag>&quot;474b6b0bf180f8194f607ea296c8db68&quot;</ETag><Size>271372</Size><Owner><ID>7b7b584f27902c2c93137fdcfa7ec7b4c869ae5e7918d18bd35b75dcea17e266</ID><DisplayName>mikesilvis</DisplayName></Owner><StorageClass>STANDARD</StorageClass></Contents><Contents><Key>ncb-teams/blurred-headers/46.png</Key><LastModified>2015-03-01T04:22:06.000Z</LastModified><ETag>&quot;42f2e3069c1e61b315d3938b57386424&quot;</ETag><Size>219835</Size><Owner><ID>7b7b584f27902c2c93137fdcfa7ec7b4c869ae5e7918d18bd35b75dcea17e266</ID><DisplayName>mikesilvis</DisplayName></Owner><StorageClass>STANDARD</StorageClass></Contents><Contents><Key>ncb-teams/blurred-headers/52.png</Key><LastModified>2015-03-01T04:22:09.000Z</LastModified><ETag>&quot;13999167bcb791d8cdccef7986ba7724&quot;</ETag><Size>320335</Size><Owner><ID>7b7b584f27902c2c93137fdcfa7ec7b4c869ae5e7918d18bd35b75dcea17e266</ID><DisplayName>mikesilvis</DisplayName></Owner><StorageClass>STANDARD</StorageClass></Contents><Contents><Key>ncb-teams/blurred-headers/58.png</Key><LastModified>2015-03-01T04:22:12.000Z</LastModified><ETag>&quot;37374218a9f6cd2505062a4c4bcc213b&quot;</ETag><Size>314191</Size><Owner><ID>7b7b584f27902c2c93137fdcfa7ec7b4c869ae5e7918d18bd35b75dcea17e266</ID><DisplayName>mikesilvis</DisplayName></Owner><StorageClass>STANDARD</StorageClass></Contents><Contents><Key>ncb-teams/blurred-headers/66.png</Key><LastModified>2015-03-01T04:22:16.000Z</LastModified><ETag>&quot;b8f2fde8417b86ebb2dbe8eabe03ea3c&quot;</ETag><Size>306434</Size><Owner><ID>7b7b584f27902c2c93137fdcfa7ec7b4c869ae5e7918d18bd35b75dcea17e266</ID><DisplayName>mikesilvis</DisplayName></Owner><StorageClass>STANDARD</StorageClass></Contents><Contents><Key>ncb-teams/blurred-headers/77.png</Key><LastModified>2015-03-01T04:22:25.000Z</LastModified><ETag>&quot;caf4cf0a62e21b2294700a18aee0b3b5&quot;</ETag><Size>363985</Size><Owner><ID>7b7b584f27902c2c93137fdcfa7ec7b4c869ae5e7918d18bd35b75dcea17e266</ID><DisplayName>mikesilvis</DisplayName></Owner><StorageClass>STANDARD</StorageClass></Contents><Contents><Key>ncb-teams/blurred-headers/87.png</Key><LastModified>2015-03-01T04:22:29.000Z</LastModified><ETag>&quot;c8ae333fc18a059a78a90073457d5236&quot;</ETag><Size>227284</Size><Owner><ID>7b7b584f27902c2c93137fdcfa7ec7b4c869ae5e7918d18bd35b75dcea17e266</ID><DisplayName>mikesilvis</DisplayName></Owner><StorageClass>STANDARD</StorageClass></Contents><Contents><Key>ncb-teams/blurred-headers/97.png</Key><LastModified>2015-03-01T04:22:34.000Z</LastModified><ETag>&quot;d9601dea84eef41bffe5c426792d8c1c&quot;</ETag><Size>393001</Size><Owner><ID>7b7b584f27902c2c93137fdcfa7ec7b4c869ae5e7918d18bd35b75dcea17e266</ID><DisplayName>mikesilvis</DisplayName></Owner><StorageClass>STANDARD</StorageClass></Contents></ListBucketResult>
    http_version: 
  recorded_at: Thu, 12 Mar 2015 15:27:53 GMT
- request:
    method: get
    uri: https://jumbotron.s3.amazonaws.com/?prefix=nba-teams/headers
    body:
      encoding: US-ASCII
      string: ''
    headers:
      User-Agent:
      - fog/1.28.0 fog-core/1.29.0
      X-Amz-Date:
      - 20150312T152753Z
      X-Amz-Content-Sha256:
      - e3b0c44298fc1c149afbf4c8996fb92427ae41e4649b934ca495991b7852b855
      Authorization:
      - AWS4-HMAC-SHA256 Credential=AKIAIVXQW4R7NNLJLUUA/20150312/us-east-1/s3/aws4_request,
        SignedHeaders=host;x-amz-content-sha256;x-amz-date, Signature=0e80fc6c5e74f2028adb834a4d1abf7959816ebd562c1c3505b50d696295da09
  response:
    status:
      code: 200
      message: ''
    headers:
      X-Amz-Id-2:
      - LtzyW4KMFPX3pgYfYTtwOnX/O/eDQddWNuwuqtXDhCwAswWClhniSXesNTYpNxsM
      X-Amz-Request-Id:
      - FF17F7AD4AAB2D02
      Date:
      - Thu, 12 Mar 2015 15:27:47 GMT
      Content-Type:
      - application/xml
      Server:
      - AmazonS3
    body:
      encoding: UTF-8
      string: |-
        <?xml version="1.0" encoding="UTF-8"?>
        <ListBucketResult xmlns="http://s3.amazonaws.com/doc/2006-03-01/"><Name>jumbotron</Name><Prefix>nba-teams/headers</Prefix><Marker></Marker><MaxKeys>1000</MaxKeys><IsTruncated>false</IsTruncated><Contents><Key>nba-teams/headers/</Key><LastModified>2015-02-11T05:47:32.000Z</LastModified><ETag>&quot;d41d8cd98f00b204e9800998ecf8427e&quot;</ETag><Size>0</Size><Owner><ID>7b7b584f27902c2c93137fdcfa7ec7b4c869ae5e7918d18bd35b75dcea17e266</ID><DisplayName>mikesilvis</DisplayName></Owner><StorageClass>STANDARD</StorageClass></Contents><Contents><Key>nba-teams/headers/atl.png</Key><LastModified>2015-02-11T05:47:35.000Z</LastModified><ETag>&quot;72d3720054cbe510b214e38fa6e01ea3&quot;</ETag><Size>137756</Size><Owner><ID>7b7b584f27902c2c93137fdcfa7ec7b4c869ae5e7918d18bd35b75dcea17e266</ID><DisplayName>mikesilvis</DisplayName></Owner><StorageClass>STANDARD</StorageClass></Contents><Contents><Key>nba-teams/headers/bkn.png</Key><LastModified>2015-02-11T05:47:36.000Z</LastModified><ETag>&quot;c6257e28e626582fbdbb8d6bf8c6b1ca&quot;</ETag><Size>160040</Size><Owner><ID>7b7b584f27902c2c93137fdcfa7ec7b4c869ae5e7918d18bd35b75dcea17e266</ID><DisplayName>mikesilvis</DisplayName></Owner><StorageClass>STANDARD</StorageClass></Contents><Contents><Key>nba-teams/headers/bos.png</Key><LastModified>2015-02-11T05:47:37.000Z</LastModified><ETag>&quot;b72d729a6eff8432bda2632bc608e1fc&quot;</ETag><Size>186948</Size><Owner><ID>7b7b584f27902c2c93137fdcfa7ec7b4c869ae5e7918d18bd35b75dcea17e266</ID><DisplayName>mikesilvis</DisplayName></Owner><StorageClass>STANDARD</StorageClass></Contents><Contents><Key>nba-teams/headers/cha.png</Key><LastModified>2015-02-11T05:47:39.000Z</LastModified><ETag>&quot;f6e4ce155f56d3c67f1d8da42a159b19&quot;</ETag><Size>237125</Size><Owner><ID>7b7b584f27902c2c93137fdcfa7ec7b4c869ae5e7918d18bd35b75dcea17e266</ID><DisplayName>mikesilvis</DisplayName></Owner><StorageClass>STANDARD</StorageClass></Contents><Contents><Key>nba-teams/headers/chi.png</Key><LastModified>2015-02-11T05:47:40.000Z</LastModified><ETag>&quot;d6da7b057eadf57b1e0732c300a16ed5&quot;</ETag><Size>147770</Size><Owner><ID>7b7b584f27902c2c93137fdcfa7ec7b4c869ae5e7918d18bd35b75dcea17e266</ID><DisplayName>mikesilvis</DisplayName></Owner><StorageClass>STANDARD</StorageClass></Contents><Contents><Key>nba-teams/headers/cle.png</Key><LastModified>2015-02-11T05:47:42.000Z</LastModified><ETag>&quot;c3a2bab64575d3134b46aeba9bf0d0e6&quot;</ETag><Size>221155</Size><Owner><ID>7b7b584f27902c2c93137fdcfa7ec7b4c869ae5e7918d18bd35b75dcea17e266</ID><DisplayName>mikesilvis</DisplayName></Owner><StorageClass>STANDARD</StorageClass></Contents><Contents><Key>nba-teams/headers/dal.png</Key><LastModified>2015-02-11T05:47:43.000Z</LastModified><ETag>&quot;b4e502075f0818bd26ae23cd81f9716f&quot;</ETag><Size>140799</Size><Owner><ID>7b7b584f27902c2c93137fdcfa7ec7b4c869ae5e7918d18bd35b75dcea17e266</ID><DisplayName>mikesilvis</DisplayName></Owner><StorageClass>STANDARD</StorageClass></Contents><Contents><Key>nba-teams/headers/den.png</Key><LastModified>2015-02-11T05:47:45.000Z</LastModified><ETag>&quot;4072957983847eec05a689dd0bd0c08f&quot;</ETag><Size>141904</Size><Owner><ID>7b7b584f27902c2c93137fdcfa7ec7b4c869ae5e7918d18bd35b75dcea17e266</ID><DisplayName>mikesilvis</DisplayName></Owner><StorageClass>STANDARD</StorageClass></Contents><Contents><Key>nba-teams/headers/det.png</Key><LastModified>2015-02-11T05:47:46.000Z</LastModified><ETag>&quot;8f38b0966450b0cedb4e934223f616a6&quot;</ETag><Size>107085</Size><Owner><ID>7b7b584f27902c2c93137fdcfa7ec7b4c869ae5e7918d18bd35b75dcea17e266</ID><DisplayName>mikesilvis</DisplayName></Owner><StorageClass>STANDARD</StorageClass></Contents><Contents><Key>nba-teams/headers/gs.png</Key><LastModified>2015-02-11T05:47:47.000Z</LastModified><ETag>&quot;eb97b6e09be6f8a7589df16c13559256&quot;</ETag><Size>394708</Size><Owner><ID>7b7b584f27902c2c93137fdcfa7ec7b4c869ae5e7918d18bd35b75dcea17e266</ID><DisplayName>mikesilvis</DisplayName></Owner><StorageClass>STANDARD</StorageClass></Contents><Contents><Key>nba-teams/headers/hou.png</Key><LastModified>2015-02-11T05:47:49.000Z</LastModified><ETag>&quot;bb91a4d172399a016ac24f412f575a3a&quot;</ETag><Size>163650</Size><Owner><ID>7b7b584f27902c2c93137fdcfa7ec7b4c869ae5e7918d18bd35b75dcea17e266</ID><DisplayName>mikesilvis</DisplayName></Owner><StorageClass>STANDARD</StorageClass></Contents><Contents><Key>nba-teams/headers/ind.png</Key><LastModified>2015-02-11T05:47:50.000Z</LastModified><ETag>&quot;b0489b17047945c66270f76bc2048730&quot;</ETag><Size>253292</Size><Owner><ID>7b7b584f27902c2c93137fdcfa7ec7b4c869ae5e7918d18bd35b75dcea17e266</ID><DisplayName>mikesilvis</DisplayName></Owner><StorageClass>STANDARD</StorageClass></Contents><Contents><Key>nba-teams/headers/lac.png</Key><LastModified>2015-02-11T05:47:52.000Z</LastModified><ETag>&quot;ece066b6e287a2d0372c832b158b709f&quot;</ETag><Size>136809</Size><Owner><ID>7b7b584f27902c2c93137fdcfa7ec7b4c869ae5e7918d18bd35b75dcea17e266</ID><DisplayName>mikesilvis</DisplayName></Owner><StorageClass>STANDARD</StorageClass></Contents><Contents><Key>nba-teams/headers/lal.png</Key><LastModified>2015-02-11T05:47:53.000Z</LastModified><ETag>&quot;61827e5276a8d614061b0d3a79322077&quot;</ETag><Size>185604</Size><Owner><ID>7b7b584f27902c2c93137fdcfa7ec7b4c869ae5e7918d18bd35b75dcea17e266</ID><DisplayName>mikesilvis</DisplayName></Owner><StorageClass>STANDARD</StorageClass></Contents><Contents><Key>nba-teams/headers/mem.png</Key><LastModified>2015-02-11T05:47:59.000Z</LastModified><ETag>&quot;b6867ee2d6e39d668d5d9dc302575235&quot;</ETag><Size>142840</Size><Owner><ID>7b7b584f27902c2c93137fdcfa7ec7b4c869ae5e7918d18bd35b75dcea17e266</ID><DisplayName>mikesilvis</DisplayName></Owner><StorageClass>STANDARD</StorageClass></Contents><Contents><Key>nba-teams/headers/mia.png</Key><LastModified>2015-02-11T05:48:03.000Z</LastModified><ETag>&quot;521fbc68a639fd603d45c04969ce469a&quot;</ETag><Size>126173</Size><Owner><ID>7b7b584f27902c2c93137fdcfa7ec7b4c869ae5e7918d18bd35b75dcea17e266</ID><DisplayName>mikesilvis</DisplayName></Owner><StorageClass>STANDARD</StorageClass></Contents><Contents><Key>nba-teams/headers/mil.png</Key><LastModified>2015-02-11T05:48:04.000Z</LastModified><ETag>&quot;3700ff67dc4c61f91942a18d5d61e40c&quot;</ETag><Size>129818</Size><Owner><ID>7b7b584f27902c2c93137fdcfa7ec7b4c869ae5e7918d18bd35b75dcea17e266</ID><DisplayName>mikesilvis</DisplayName></Owner><StorageClass>STANDARD</StorageClass></Contents><Contents><Key>nba-teams/headers/min.png</Key><LastModified>2015-02-11T05:48:05.000Z</LastModified><ETag>&quot;5ba9a7fbc6503bdc0e75d6c50fb1645a&quot;</ETag><Size>136501</Size><Owner><ID>7b7b584f27902c2c93137fdcfa7ec7b4c869ae5e7918d18bd35b75dcea17e266</ID><DisplayName>mikesilvis</DisplayName></Owner><StorageClass>STANDARD</StorageClass></Contents><Contents><Key>nba-teams/headers/no.png</Key><LastModified>2015-02-11T05:48:06.000Z</LastModified><ETag>&quot;3f00e6c0191d971575f13601094c4f2d&quot;</ETag><Size>133437</Size><Owner><ID>7b7b584f27902c2c93137fdcfa7ec7b4c869ae5e7918d18bd35b75dcea17e266</ID><DisplayName>mikesilvis</DisplayName></Owner><StorageClass>STANDARD</StorageClass></Contents><Contents><Key>nba-teams/headers/ny.png</Key><LastModified>2015-02-11T05:48:08.000Z</LastModified><ETag>&quot;b02be14ec0c68e60025995f633015508&quot;</ETag><Size>205522</Size><Owner><ID>7b7b584f27902c2c93137fdcfa7ec7b4c869ae5e7918d18bd35b75dcea17e266</ID><DisplayName>mikesilvis</DisplayName></Owner><StorageClass>STANDARD</StorageClass></Contents><Contents><Key>nba-teams/headers/okc.png</Key><LastModified>2015-02-11T05:48:09.000Z</LastModified><ETag>&quot;133a18273f03af324555e4196f8e5e6b&quot;</ETag><Size>209666</Size><Owner><ID>7b7b584f27902c2c93137fdcfa7ec7b4c869ae5e7918d18bd35b75dcea17e266</ID><DisplayName>mikesilvis</DisplayName></Owner><StorageClass>STANDARD</StorageClass></Contents><Contents><Key>nba-teams/headers/orl.png</Key><LastModified>2015-02-11T05:48:11.000Z</LastModified><ETag>&quot;12f87e34f3d741e470708b1eecd8c325&quot;</ETag><Size>138787</Size><Owner><ID>7b7b584f27902c2c93137fdcfa7ec7b4c869ae5e7918d18bd35b75dcea17e266</ID><DisplayName>mikesilvis</DisplayName></Owner><StorageClass>STANDARD</StorageClass></Contents><Contents><Key>nba-teams/headers/phi.png</Key><LastModified>2015-02-11T05:48:12.000Z</LastModified><ETag>&quot;de73de3d76fea72ae706365e98899aa6&quot;</ETag><Size>71453</Size><Owner><ID>7b7b584f27902c2c93137fdcfa7ec7b4c869ae5e7918d18bd35b75dcea17e266</ID><DisplayName>mikesilvis</DisplayName></Owner><StorageClass>STANDARD</StorageClass></Contents><Contents><Key>nba-teams/headers/phx.png</Key><LastModified>2015-02-11T05:48:13.000Z</LastModified><ETag>&quot;fcedf2b610c3e77d3919dbbd27002b95&quot;</ETag><Size>190474</Size><Owner><ID>7b7b584f27902c2c93137fdcfa7ec7b4c869ae5e7918d18bd35b75dcea17e266</ID><DisplayName>mikesilvis</DisplayName></Owner><StorageClass>STANDARD</StorageClass></Contents><Contents><Key>nba-teams/headers/por.png</Key><LastModified>2015-02-11T05:48:15.000Z</LastModified><ETag>&quot;81426c0262ad05bbbc5777413f120c30&quot;</ETag><Size>163134</Size><Owner><ID>7b7b584f27902c2c93137fdcfa7ec7b4c869ae5e7918d18bd35b75dcea17e266</ID><DisplayName>mikesilvis</DisplayName></Owner><StorageClass>STANDARD</StorageClass></Contents><Contents><Key>nba-teams/headers/sa.png</Key><LastModified>2015-02-11T05:48:16.000Z</LastModified><ETag>&quot;643372df424fe417c0d2b01e33c6e216&quot;</ETag><Size>106548</Size><Owner><ID>7b7b584f27902c2c93137fdcfa7ec7b4c869ae5e7918d18bd35b75dcea17e266</ID><DisplayName>mikesilvis</DisplayName></Owner><StorageClass>STANDARD</StorageClass></Contents><Contents><Key>nba-teams/headers/sac.png</Key><LastModified>2015-02-11T05:48:17.000Z</LastModified><ETag>&quot;eba3885d555b34b225306a386334665a&quot;</ETag><Size>246139</Size><Owner><ID>7b7b584f27902c2c93137fdcfa7ec7b4c869ae5e7918d18bd35b75dcea17e266</ID><DisplayName>mikesilvis</DisplayName></Owner><StorageClass>STANDARD</StorageClass></Contents><Contents><Key>nba-teams/headers/tor.png</Key><LastModified>2015-02-11T05:48:19.000Z</LastModified><ETag>&quot;3f00c26fe212de66b120ac308badc8c6&quot;</ETag><Size>133371</Size><Owner><ID>7b7b584f27902c2c93137fdcfa7ec7b4c869ae5e7918d18bd35b75dcea17e266</ID><DisplayName>mikesilvis</DisplayName></Owner><StorageClass>STANDARD</StorageClass></Contents><Contents><Key>nba-teams/headers/utah.png</Key><LastModified>2015-02-11T05:48:20.000Z</LastModified><ETag>&quot;5ab59a0f1f91795eebe87c2fce82c40e&quot;</ETag><Size>134257</Size><Owner><ID>7b7b584f27902c2c93137fdcfa7ec7b4c869ae5e7918d18bd35b75dcea17e266</ID><DisplayName>mikesilvis</DisplayName></Owner><StorageClass>STANDARD</StorageClass></Contents><Contents><Key>nba-teams/headers/wsh.png</Key><LastModified>2015-02-11T05:48:21.000Z</LastModified><ETag>&quot;38c8ad8bf24cc50ebdb9b52e147b1bc6&quot;</ETag><Size>131660</Size><Owner><ID>7b7b584f27902c2c93137fdcfa7ec7b4c869ae5e7918d18bd35b75dcea17e266</ID><DisplayName>mikesilvis</DisplayName></Owner><StorageClass>STANDARD</StorageClass></Contents></ListBucketResult>
    http_version: 
  recorded_at: Thu, 12 Mar 2015 15:27:54 GMT
- request:
    method: get
    uri: https://jumbotron.s3.amazonaws.com/?prefix=nba-teams/blurred-headers
    body:
      encoding: US-ASCII
      string: ''
    headers:
      User-Agent:
      - fog/1.28.0 fog-core/1.29.0
      X-Amz-Date:
      - 20150312T152754Z
      X-Amz-Content-Sha256:
      - e3b0c44298fc1c149afbf4c8996fb92427ae41e4649b934ca495991b7852b855
      Authorization:
      - AWS4-HMAC-SHA256 Credential=AKIAIVXQW4R7NNLJLUUA/20150312/us-east-1/s3/aws4_request,
        SignedHeaders=host;x-amz-content-sha256;x-amz-date, Signature=e4fbf562dd1b6e7bd03722cff1f621634fa51f50400eb16d61d0c5c533e412c7
  response:
    status:
      code: 200
      message: ''
    headers:
      X-Amz-Id-2:
      - duYOHddGtODsTQ7Q3HlkusnUCdkQH3D8TMng6fYJcdfD3xFN7l/1LLXLJhVjYpui
      X-Amz-Request-Id:
      - B1D67DD96257CAB6
      Date:
      - Thu, 12 Mar 2015 15:27:48 GMT
      Content-Type:
      - application/xml
      Server:
      - AmazonS3
    body:
      encoding: UTF-8
      string: |-
        <?xml version="1.0" encoding="UTF-8"?>
        <ListBucketResult xmlns="http://s3.amazonaws.com/doc/2006-03-01/"><Name>jumbotron</Name><Prefix>nba-teams/blurred-headers</Prefix><Marker></Marker><MaxKeys>1000</MaxKeys><IsTruncated>false</IsTruncated><Contents><Key>nba-teams/blurred-headers/</Key><LastModified>2015-02-11T05:45:55.000Z</LastModified><ETag>&quot;d41d8cd98f00b204e9800998ecf8427e&quot;</ETag><Size>0</Size><Owner><ID>7b7b584f27902c2c93137fdcfa7ec7b4c869ae5e7918d18bd35b75dcea17e266</ID><DisplayName>mikesilvis</DisplayName></Owner><StorageClass>STANDARD</StorageClass></Contents><Contents><Key>nba-teams/blurred-headers/atl.png</Key><LastModified>2015-02-11T05:45:56.000Z</LastModified><ETag>&quot;c71f179cf3b5fb7b9136653be706f65a&quot;</ETag><Size>342438</Size><Owner><ID>7b7b584f27902c2c93137fdcfa7ec7b4c869ae5e7918d18bd35b75dcea17e266</ID><DisplayName>mikesilvis</DisplayName></Owner><StorageClass>STANDARD</StorageClass></Contents><Contents><Key>nba-teams/blurred-headers/bkn.png</Key><LastModified>2015-02-11T05:45:57.000Z</LastModified><ETag>&quot;aa035e14b6c2d87f15cf289c730d77fa&quot;</ETag><Size>310084</Size><Owner><ID>7b7b584f27902c2c93137fdcfa7ec7b4c869ae5e7918d18bd35b75dcea17e266</ID><DisplayName>mikesilvis</DisplayName></Owner><StorageClass>STANDARD</StorageClass></Contents><Contents><Key>nba-teams/blurred-headers/bos.png</Key><LastModified>2015-02-11T05:46:01.000Z</LastModified><ETag>&quot;dba697c6f0fc8e90ea32ac84b0697285&quot;</ETag><Size>269042</Size><Owner><ID>7b7b584f27902c2c93137fdcfa7ec7b4c869ae5e7918d18bd35b75dcea17e266</ID><DisplayName>mikesilvis</DisplayName></Owner><StorageClass>STANDARD</StorageClass></Contents><Contents><Key>nba-teams/blurred-headers/cha.png</Key><LastModified>2015-02-11T05:46:03.000Z</LastModified><ETag>&quot;bbb502550ed3d4dae8f06db9b34d7927&quot;</ETag><Size>343482</Size><Owner><ID>7b7b584f27902c2c93137fdcfa7ec7b4c869ae5e7918d18bd35b75dcea17e266</ID><DisplayName>mikesilvis</DisplayName></Owner><StorageClass>STANDARD</StorageClass></Contents><Contents><Key>nba-teams/blurred-headers/chi.png</Key><LastModified>2015-02-11T05:46:04.000Z</LastModified><ETag>&quot;1b13f119548ff305de28e6b88bce3523&quot;</ETag><Size>388042</Size><Owner><ID>7b7b584f27902c2c93137fdcfa7ec7b4c869ae5e7918d18bd35b75dcea17e266</ID><DisplayName>mikesilvis</DisplayName></Owner><StorageClass>STANDARD</StorageClass></Contents><Contents><Key>nba-teams/blurred-headers/cle.png</Key><LastModified>2015-02-11T05:46:06.000Z</LastModified><ETag>&quot;984d55a2bae6f4481edbbc80c1df8430&quot;</ETag><Size>361021</Size><Owner><ID>7b7b584f27902c2c93137fdcfa7ec7b4c869ae5e7918d18bd35b75dcea17e266</ID><DisplayName>mikesilvis</DisplayName></Owner><StorageClass>STANDARD</StorageClass></Contents><Contents><Key>nba-teams/blurred-headers/dal.png</Key><LastModified>2015-02-11T05:46:08.000Z</LastModified><ETag>&quot;cd39163fec3d3eff67a370940981b28d&quot;</ETag><Size>305863</Size><Owner><ID>7b7b584f27902c2c93137fdcfa7ec7b4c869ae5e7918d18bd35b75dcea17e266</ID><DisplayName>mikesilvis</DisplayName></Owner><StorageClass>STANDARD</StorageClass></Contents><Contents><Key>nba-teams/blurred-headers/den.png</Key><LastModified>2015-02-11T05:46:11.000Z</LastModified><ETag>&quot;a3a7d4f41adfdece764596222d70f1ca&quot;</ETag><Size>342133</Size><Owner><ID>7b7b584f27902c2c93137fdcfa7ec7b4c869ae5e7918d18bd35b75dcea17e266</ID><DisplayName>mikesilvis</DisplayName></Owner><StorageClass>STANDARD</StorageClass></Contents><Contents><Key>nba-teams/blurred-headers/det.png</Key><LastModified>2015-02-11T05:46:12.000Z</LastModified><ETag>&quot;45a3d5cbe92e3c80bef79b20b97db212&quot;</ETag><Size>240881</Size><Owner><ID>7b7b584f27902c2c93137fdcfa7ec7b4c869ae5e7918d18bd35b75dcea17e266</ID><DisplayName>mikesilvis</DisplayName></Owner><StorageClass>STANDARD</StorageClass></Contents><Contents><Key>nba-teams/blurred-headers/gs.png</Key><LastModified>2015-02-11T05:46:14.000Z</LastModified><ETag>&quot;5b03dacc92709b63fcc4d14e469dc6e4&quot;</ETag><Size>238622</Size><Owner><ID>7b7b584f27902c2c93137fdcfa7ec7b4c869ae5e7918d18bd35b75dcea17e266</ID><DisplayName>mikesilvis</DisplayName></Owner><StorageClass>STANDARD</StorageClass></Contents><Contents><Key>nba-teams/blurred-headers/hou.png</Key><LastModified>2015-02-11T05:46:16.000Z</LastModified><ETag>&quot;6671f1e15e4bebcbef694c2006e846dd&quot;</ETag><Size>343458</Size><Owner><ID>7b7b584f27902c2c93137fdcfa7ec7b4c869ae5e7918d18bd35b75dcea17e266</ID><DisplayName>mikesilvis</DisplayName></Owner><StorageClass>STANDARD</StorageClass></Contents><Contents><Key>nba-teams/blurred-headers/ind.png</Key><LastModified>2015-02-11T05:46:17.000Z</LastModified><ETag>&quot;d1ac42b8b1ca83e5f05606dffeba3f2d&quot;</ETag><Size>347612</Size><Owner><ID>7b7b584f27902c2c93137fdcfa7ec7b4c869ae5e7918d18bd35b75dcea17e266</ID><DisplayName>mikesilvis</DisplayName></Owner><StorageClass>STANDARD</StorageClass></Contents><Contents><Key>nba-teams/blurred-headers/lac.png</Key><LastModified>2015-02-11T05:46:20.000Z</LastModified><ETag>&quot;d67e67790e9e5b59cb7c0958fe54d9ef&quot;</ETag><Size>280950</Size><Owner><ID>7b7b584f27902c2c93137fdcfa7ec7b4c869ae5e7918d18bd35b75dcea17e266</ID><DisplayName>mikesilvis</DisplayName></Owner><StorageClass>STANDARD</StorageClass></Contents><Contents><Key>nba-teams/blurred-headers/lal.png</Key><LastModified>2015-02-11T05:46:22.000Z</LastModified><ETag>&quot;b3a458c6249d8c87ca24895efe4ac326&quot;</ETag><Size>313437</Size><Owner><ID>7b7b584f27902c2c93137fdcfa7ec7b4c869ae5e7918d18bd35b75dcea17e266</ID><DisplayName>mikesilvis</DisplayName></Owner><StorageClass>STANDARD</StorageClass></Contents><Contents><Key>nba-teams/blurred-headers/mem.png</Key><LastModified>2015-02-11T05:46:24.000Z</LastModified><ETag>&quot;f7be828d23d344ec373659dfb4b75112&quot;</ETag><Size>289945</Size><Owner><ID>7b7b584f27902c2c93137fdcfa7ec7b4c869ae5e7918d18bd35b75dcea17e266</ID><DisplayName>mikesilvis</DisplayName></Owner><StorageClass>STANDARD</StorageClass></Contents><Contents><Key>nba-teams/blurred-headers/mia.png</Key><LastModified>2015-02-11T05:46:31.000Z</LastModified><ETag>&quot;b1726f622520e63fe0753ef78a24a7f2&quot;</ETag><Size>297429</Size><Owner><ID>7b7b584f27902c2c93137fdcfa7ec7b4c869ae5e7918d18bd35b75dcea17e266</ID><DisplayName>mikesilvis</DisplayName></Owner><StorageClass>STANDARD</StorageClass></Contents><Contents><Key>nba-teams/blurred-headers/mil.png</Key><LastModified>2015-02-11T05:46:33.000Z</LastModified><ETag>&quot;adf8e64ba22628efce0c11abd0b9288c&quot;</ETag><Size>325893</Size><Owner><ID>7b7b584f27902c2c93137fdcfa7ec7b4c869ae5e7918d18bd35b75dcea17e266</ID><DisplayName>mikesilvis</DisplayName></Owner><StorageClass>STANDARD</StorageClass></Contents><Contents><Key>nba-teams/blurred-headers/min.png</Key><LastModified>2015-02-11T05:46:39.000Z</LastModified><ETag>&quot;303e2b04239fe429896163e2b5d58d7b&quot;</ETag><Size>293956</Size><Owner><ID>7b7b584f27902c2c93137fdcfa7ec7b4c869ae5e7918d18bd35b75dcea17e266</ID><DisplayName>mikesilvis</DisplayName></Owner><StorageClass>STANDARD</StorageClass></Contents><Contents><Key>nba-teams/blurred-headers/no.png</Key><LastModified>2015-02-11T05:46:40.000Z</LastModified><ETag>&quot;a4f567c5694d10c13007a57bafb21825&quot;</ETag><Size>341326</Size><Owner><ID>7b7b584f27902c2c93137fdcfa7ec7b4c869ae5e7918d18bd35b75dcea17e266</ID><DisplayName>mikesilvis</DisplayName></Owner><StorageClass>STANDARD</StorageClass></Contents><Contents><Key>nba-teams/blurred-headers/ny.png</Key><LastModified>2015-02-11T05:46:42.000Z</LastModified><ETag>&quot;fb64ed0184ab405b221f08548dfb65ee&quot;</ETag><Size>383780</Size><Owner><ID>7b7b584f27902c2c93137fdcfa7ec7b4c869ae5e7918d18bd35b75dcea17e266</ID><DisplayName>mikesilvis</DisplayName></Owner><StorageClass>STANDARD</StorageClass></Contents><Contents><Key>nba-teams/blurred-headers/okc.png</Key><LastModified>2015-02-11T05:46:44.000Z</LastModified><ETag>&quot;5afcd2bb66777308ed9a6464ddc5f5b0&quot;</ETag><Size>341188</Size><Owner><ID>7b7b584f27902c2c93137fdcfa7ec7b4c869ae5e7918d18bd35b75dcea17e266</ID><DisplayName>mikesilvis</DisplayName></Owner><StorageClass>STANDARD</StorageClass></Contents><Contents><Key>nba-teams/blurred-headers/orl.png</Key><LastModified>2015-02-11T05:46:45.000Z</LastModified><ETag>&quot;f2a26da8515dd9b8b46fe7c507d4fd83&quot;</ETag><Size>334662</Size><Owner><ID>7b7b584f27902c2c93137fdcfa7ec7b4c869ae5e7918d18bd35b75dcea17e266</ID><DisplayName>mikesilvis</DisplayName></Owner><StorageClass>STANDARD</StorageClass></Contents><Contents><Key>nba-teams/blurred-headers/phi.png</Key><LastModified>2015-02-11T05:46:47.000Z</LastModified><ETag>&quot;df45e533d17dc52045b788995e6eb0e3&quot;</ETag><Size>218680</Size><Owner><ID>7b7b584f27902c2c93137fdcfa7ec7b4c869ae5e7918d18bd35b75dcea17e266</ID><DisplayName>mikesilvis</DisplayName></Owner><StorageClass>STANDARD</StorageClass></Contents><Contents><Key>nba-teams/blurred-headers/phx.png</Key><LastModified>2015-02-11T05:46:48.000Z</LastModified><ETag>&quot;448883db3a23abccf11f828a03b8aa7a&quot;</ETag><Size>312941</Size><Owner><ID>7b7b584f27902c2c93137fdcfa7ec7b4c869ae5e7918d18bd35b75dcea17e266</ID><DisplayName>mikesilvis</DisplayName></Owner><StorageClass>STANDARD</StorageClass></Contents><Contents><Key>nba-teams/blurred-headers/por.png</Key><LastModified>2015-02-11T05:46:50.000Z</LastModified><ETag>&quot;097f19fa034999186709e7cf4c2da1f2&quot;</ETag><Size>355106</Size><Owner><ID>7b7b584f27902c2c93137fdcfa7ec7b4c869ae5e7918d18bd35b75dcea17e266</ID><DisplayName>mikesilvis</DisplayName></Owner><StorageClass>STANDARD</StorageClass></Contents><Contents><Key>nba-teams/blurred-headers/sa.png</Key><LastModified>2015-02-11T05:46:52.000Z</LastModified><ETag>&quot;bf47481d0bbacbf8305098cb64e9b7e4&quot;</ETag><Size>399771</Size><Owner><ID>7b7b584f27902c2c93137fdcfa7ec7b4c869ae5e7918d18bd35b75dcea17e266</ID><DisplayName>mikesilvis</DisplayName></Owner><StorageClass>STANDARD</StorageClass></Contents><Contents><Key>nba-teams/blurred-headers/sac.png</Key><LastModified>2015-02-11T05:46:54.000Z</LastModified><ETag>&quot;e4dc3abf16acebb4693908af0f6274ab&quot;</ETag><Size>275689</Size><Owner><ID>7b7b584f27902c2c93137fdcfa7ec7b4c869ae5e7918d18bd35b75dcea17e266</ID><DisplayName>mikesilvis</DisplayName></Owner><StorageClass>STANDARD</StorageClass></Contents><Contents><Key>nba-teams/blurred-headers/tor.png</Key><LastModified>2015-02-11T05:46:56.000Z</LastModified><ETag>&quot;c0d0609889d0763d1b26ac10da6568c9&quot;</ETag><Size>316563</Size><Owner><ID>7b7b584f27902c2c93137fdcfa7ec7b4c869ae5e7918d18bd35b75dcea17e266</ID><DisplayName>mikesilvis</DisplayName></Owner><StorageClass>STANDARD</StorageClass></Contents><Contents><Key>nba-teams/blurred-headers/utah.png</Key><LastModified>2015-02-11T05:46:58.000Z</LastModified><ETag>&quot;38fe89d264972b9cea1fb971ef40c541&quot;</ETag><Size>322600</Size><Owner><ID>7b7b584f27902c2c93137fdcfa7ec7b4c869ae5e7918d18bd35b75dcea17e266</ID><DisplayName>mikesilvis</DisplayName></Owner><StorageClass>STANDARD</StorageClass></Contents><Contents><Key>nba-teams/blurred-headers/wsh.png</Key><LastModified>2015-02-11T05:47:00.000Z</LastModified><ETag>&quot;12b62831c2e8b74acf177332845c397b&quot;</ETag><Size>341068</Size><Owner><ID>7b7b584f27902c2c93137fdcfa7ec7b4c869ae5e7918d18bd35b75dcea17e266</ID><DisplayName>mikesilvis</DisplayName></Owner><StorageClass>STANDARD</StorageClass></Contents></ListBucketResult>
    http_version: 
  recorded_at: Thu, 12 Mar 2015 15:27:55 GMT
- request:
    method: get
    uri: https://jumbotron.s3.amazonaws.com/?prefix=mlb-teams/headers
    body:
      encoding: US-ASCII
      string: ''
    headers:
      User-Agent:
      - fog/1.28.0 fog-core/1.29.0
      X-Amz-Date:
      - 20150312T152755Z
      X-Amz-Content-Sha256:
      - e3b0c44298fc1c149afbf4c8996fb92427ae41e4649b934ca495991b7852b855
      Authorization:
      - AWS4-HMAC-SHA256 Credential=AKIAIVXQW4R7NNLJLUUA/20150312/us-east-1/s3/aws4_request,
        SignedHeaders=host;x-amz-content-sha256;x-amz-date, Signature=5dd82f6fa1ca5c83d1c2ca550127ce83710751845e18fc98e4013fcbdb7d6035
  response:
    status:
      code: 200
      message: ''
    headers:
      X-Amz-Id-2:
      - aV6hSW6xU9eV8EftZ+6D9zf4TGpNe17JI/94rq0MY0gU7RwU2l0ffj/uYsxuV/XI
      X-Amz-Request-Id:
      - B4F94359A1CF8FBF
      Date:
      - Thu, 12 Mar 2015 15:27:49 GMT
      Content-Type:
      - application/xml
      Server:
      - AmazonS3
    body:
      encoding: UTF-8
      string: |-
        <?xml version="1.0" encoding="UTF-8"?>
        <ListBucketResult xmlns="http://s3.amazonaws.com/doc/2006-03-01/"><Name>jumbotron</Name><Prefix>mlb-teams/headers</Prefix><Marker></Marker><MaxKeys>1000</MaxKeys><IsTruncated>false</IsTruncated><Contents><Key>mlb-teams/headers/</Key><LastModified>2015-03-07T14:29:56.000Z</LastModified><ETag>&quot;d41d8cd98f00b204e9800998ecf8427e&quot;</ETag><Size>0</Size><Owner><ID>7b7b584f27902c2c93137fdcfa7ec7b4c869ae5e7918d18bd35b75dcea17e266</ID><DisplayName>mikesilvis</DisplayName></Owner><StorageClass>STANDARD</StorageClass></Contents><Contents><Key>mlb-teams/headers/ari.png</Key><LastModified>2015-03-07T14:30:05.000Z</LastModified><ETag>&quot;1341dd17b367060f3fe04e7c0adbfc7f&quot;</ETag><Size>232897</Size><Owner><ID>7b7b584f27902c2c93137fdcfa7ec7b4c869ae5e7918d18bd35b75dcea17e266</ID><DisplayName>mikesilvis</DisplayName></Owner><StorageClass>STANDARD</StorageClass></Contents><Contents><Key>mlb-teams/headers/atl.png</Key><LastModified>2015-03-07T14:30:06.000Z</LastModified><ETag>&quot;fb5ede8761576cdd42333e55ae54ada7&quot;</ETag><Size>220868</Size><Owner><ID>7b7b584f27902c2c93137fdcfa7ec7b4c869ae5e7918d18bd35b75dcea17e266</ID><DisplayName>mikesilvis</DisplayName></Owner><StorageClass>STANDARD</StorageClass></Contents><Contents><Key>mlb-teams/headers/bal.png</Key><LastModified>2015-03-07T14:30:08.000Z</LastModified><ETag>&quot;42ddc50ea0bb19ace4ab622704b7989e&quot;</ETag><Size>213923</Size><Owner><ID>7b7b584f27902c2c93137fdcfa7ec7b4c869ae5e7918d18bd35b75dcea17e266</ID><DisplayName>mikesilvis</DisplayName></Owner><StorageClass>STANDARD</StorageClass></Contents><Contents><Key>mlb-teams/headers/bos.png</Key><LastModified>2015-03-07T14:30:08.000Z</LastModified><ETag>&quot;d607b1b1a159120c9b7b4b0f2b69a202&quot;</ETag><Size>158964</Size><Owner><ID>7b7b584f27902c2c93137fdcfa7ec7b4c869ae5e7918d18bd35b75dcea17e266</ID><DisplayName>mikesilvis</DisplayName></Owner><StorageClass>STANDARD</StorageClass></Contents><Contents><Key>mlb-teams/headers/chc.png</Key><LastModified>2015-03-07T14:30:09.000Z</LastModified><ETag>&quot;10baa74a74e8488e38886352d2e870d2&quot;</ETag><Size>174066</Size><Owner><ID>7b7b584f27902c2c93137fdcfa7ec7b4c869ae5e7918d18bd35b75dcea17e266</ID><DisplayName>mikesilvis</DisplayName></Owner><StorageClass>STANDARD</StorageClass></Contents><Contents><Key>mlb-teams/headers/chw.png</Key><LastModified>2015-03-07T14:30:10.000Z</LastModified><ETag>&quot;1457922cc96dd5b016b32ab07fd063c1&quot;</ETag><Size>200289</Size><Owner><ID>7b7b584f27902c2c93137fdcfa7ec7b4c869ae5e7918d18bd35b75dcea17e266</ID><DisplayName>mikesilvis</DisplayName></Owner><StorageClass>STANDARD</StorageClass></Contents><Contents><Key>mlb-teams/headers/cin.png</Key><LastModified>2015-03-07T14:30:10.000Z</LastModified><ETag>&quot;c49c59ddffa0cd33daec530f40191f61&quot;</ETag><Size>169121</Size><Owner><ID>7b7b584f27902c2c93137fdcfa7ec7b4c869ae5e7918d18bd35b75dcea17e266</ID><DisplayName>mikesilvis</DisplayName></Owner><StorageClass>STANDARD</StorageClass></Contents><Contents><Key>mlb-teams/headers/cle.png</Key><LastModified>2015-03-07T14:30:11.000Z</LastModified><ETag>&quot;db54c6647944242a1bec8cec3cc858ba&quot;</ETag><Size>193072</Size><Owner><ID>7b7b584f27902c2c93137fdcfa7ec7b4c869ae5e7918d18bd35b75dcea17e266</ID><DisplayName>mikesilvis</DisplayName></Owner><StorageClass>STANDARD</StorageClass></Contents><Contents><Key>mlb-teams/headers/col.png</Key><LastModified>2015-03-07T14:30:12.000Z</LastModified><ETag>&quot;d60df2776c1b4d9c863da82e89613af0&quot;</ETag><Size>141329</Size><Owner><ID>7b7b584f27902c2c93137fdcfa7ec7b4c869ae5e7918d18bd35b75dcea17e266</ID><DisplayName>mikesilvis</DisplayName></Owner><StorageClass>STANDARD</StorageClass></Contents><Contents><Key>mlb-teams/headers/det.png</Key><LastModified>2015-03-07T14:30:13.000Z</LastModified><ETag>&quot;59f78f2d3f0126ecd014ecc9afd36bcd&quot;</ETag><Size>190334</Size><Owner><ID>7b7b584f27902c2c93137fdcfa7ec7b4c869ae5e7918d18bd35b75dcea17e266</ID><DisplayName>mikesilvis</DisplayName></Owner><StorageClass>STANDARD</StorageClass></Contents><Contents><Key>mlb-teams/headers/hou.png</Key><LastModified>2015-03-07T14:30:15.000Z</LastModified><ETag>&quot;27615adfa3f0f414cae240c3470ffef1&quot;</ETag><Size>214079</Size><Owner><ID>7b7b584f27902c2c93137fdcfa7ec7b4c869ae5e7918d18bd35b75dcea17e266</ID><DisplayName>mikesilvis</DisplayName></Owner><StorageClass>STANDARD</StorageClass></Contents><Contents><Key>mlb-teams/headers/kc.png</Key><LastModified>2015-03-07T14:30:16.000Z</LastModified><ETag>&quot;25f25b6f4c4e4579af3b762c5b78af49&quot;</ETag><Size>142409</Size><Owner><ID>7b7b584f27902c2c93137fdcfa7ec7b4c869ae5e7918d18bd35b75dcea17e266</ID><DisplayName>mikesilvis</DisplayName></Owner><StorageClass>STANDARD</StorageClass></Contents><Contents><Key>mlb-teams/headers/laa.png</Key><LastModified>2015-03-07T14:30:16.000Z</LastModified><ETag>&quot;b09ba388d8dc36521f43326b3d80bc4b&quot;</ETag><Size>106789</Size><Owner><ID>7b7b584f27902c2c93137fdcfa7ec7b4c869ae5e7918d18bd35b75dcea17e266</ID><DisplayName>mikesilvis</DisplayName></Owner><StorageClass>STANDARD</StorageClass></Contents><Contents><Key>mlb-teams/headers/lad.png</Key><LastModified>2015-03-07T14:30:17.000Z</LastModified><ETag>&quot;29c62f24e5b8ca8af3816278162fe5ad&quot;</ETag><Size>160493</Size><Owner><ID>7b7b584f27902c2c93137fdcfa7ec7b4c869ae5e7918d18bd35b75dcea17e266</ID><DisplayName>mikesilvis</DisplayName></Owner><StorageClass>STANDARD</StorageClass></Contents><Contents><Key>mlb-teams/headers/mia.png</Key><LastModified>2015-03-07T14:30:17.000Z</LastModified><ETag>&quot;dfd5440204c76e14c9b3f3407db562eb&quot;</ETag><Size>169278</Size><Owner><ID>7b7b584f27902c2c93137fdcfa7ec7b4c869ae5e7918d18bd35b75dcea17e266</ID><DisplayName>mikesilvis</DisplayName></Owner><StorageClass>STANDARD</StorageClass></Contents><Contents><Key>mlb-teams/headers/mil.png</Key><LastModified>2015-03-07T14:30:18.000Z</LastModified><ETag>&quot;b5fc7ade658afb920709987674edbf63&quot;</ETag><Size>190956</Size><Owner><ID>7b7b584f27902c2c93137fdcfa7ec7b4c869ae5e7918d18bd35b75dcea17e266</ID><DisplayName>mikesilvis</DisplayName></Owner><StorageClass>STANDARD</StorageClass></Contents><Contents><Key>mlb-teams/headers/min.png</Key><LastModified>2015-03-07T14:30:18.000Z</LastModified><ETag>&quot;44d0ee61512a49c38f371f191b34b785&quot;</ETag><Size>177734</Size><Owner><ID>7b7b584f27902c2c93137fdcfa7ec7b4c869ae5e7918d18bd35b75dcea17e266</ID><DisplayName>mikesilvis</DisplayName></Owner><StorageClass>STANDARD</StorageClass></Contents><Contents><Key>mlb-teams/headers/nym.png</Key><LastModified>2015-03-07T14:30:19.000Z</LastModified><ETag>&quot;8c7738336f49b2cd394e8c42ef9444b9&quot;</ETag><Size>237931</Size><Owner><ID>7b7b584f27902c2c93137fdcfa7ec7b4c869ae5e7918d18bd35b75dcea17e266</ID><DisplayName>mikesilvis</DisplayName></Owner><StorageClass>STANDARD</StorageClass></Contents><Contents><Key>mlb-teams/headers/nyy.png</Key><LastModified>2015-03-07T14:30:19.000Z</LastModified><ETag>&quot;5c3f3865fdb7389b5c75f541dbb22a14&quot;</ETag><Size>173295</Size><Owner><ID>7b7b584f27902c2c93137fdcfa7ec7b4c869ae5e7918d18bd35b75dcea17e266</ID><DisplayName>mikesilvis</DisplayName></Owner><StorageClass>STANDARD</StorageClass></Contents><Contents><Key>mlb-teams/headers/oak.png</Key><LastModified>2015-03-07T14:30:20.000Z</LastModified><ETag>&quot;6a38fcd8a957471664329bc9950021c7&quot;</ETag><Size>209479</Size><Owner><ID>7b7b584f27902c2c93137fdcfa7ec7b4c869ae5e7918d18bd35b75dcea17e266</ID><DisplayName>mikesilvis</DisplayName></Owner><StorageClass>STANDARD</StorageClass></Contents><Contents><Key>mlb-teams/headers/phi.png</Key><LastModified>2015-03-07T14:30:22.000Z</LastModified><ETag>&quot;a94966444c44df266babd43f5a739746&quot;</ETag><Size>162820</Size><Owner><ID>7b7b584f27902c2c93137fdcfa7ec7b4c869ae5e7918d18bd35b75dcea17e266</ID><DisplayName>mikesilvis</DisplayName></Owner><StorageClass>STANDARD</StorageClass></Contents><Contents><Key>mlb-teams/headers/pit.png</Key><LastModified>2015-03-07T14:30:23.000Z</LastModified><ETag>&quot;fe8d6c5a4a2e2a11eb5dea72aa17acb1&quot;</ETag><Size>169445</Size><Owner><ID>7b7b584f27902c2c93137fdcfa7ec7b4c869ae5e7918d18bd35b75dcea17e266</ID><DisplayName>mikesilvis</DisplayName></Owner><StorageClass>STANDARD</StorageClass></Contents><Contents><Key>mlb-teams/headers/sd.png</Key><LastModified>2015-03-07T14:30:24.000Z</LastModified><ETag>&quot;60514fb12c4dad10af6533493a33d5d7&quot;</ETag><Size>125853</Size><Owner><ID>7b7b584f27902c2c93137fdcfa7ec7b4c869ae5e7918d18bd35b75dcea17e266</ID><DisplayName>mikesilvis</DisplayName></Owner><StorageClass>STANDARD</StorageClass></Contents><Contents><Key>mlb-teams/headers/sea.png</Key><LastModified>2015-03-07T14:30:25.000Z</LastModified><ETag>&quot;d05ba539c4929b615a642e2603f1da85&quot;</ETag><Size>145676</Size><Owner><ID>7b7b584f27902c2c93137fdcfa7ec7b4c869ae5e7918d18bd35b75dcea17e266</ID><DisplayName>mikesilvis</DisplayName></Owner><StorageClass>STANDARD</StorageClass></Contents><Contents><Key>mlb-teams/headers/sf.png</Key><LastModified>2015-03-07T14:30:25.000Z</LastModified><ETag>&quot;e6c5c2bf1451fe5e3803cae553ed580d&quot;</ETag><Size>194721</Size><Owner><ID>7b7b584f27902c2c93137fdcfa7ec7b4c869ae5e7918d18bd35b75dcea17e266</ID><DisplayName>mikesilvis</DisplayName></Owner><StorageClass>STANDARD</StorageClass></Contents><Contents><Key>mlb-teams/headers/stl.png</Key><LastModified>2015-03-07T14:30:25.000Z</LastModified><ETag>&quot;fd59c62c5e58bf3de3a734009457a5ab&quot;</ETag><Size>208687</Size><Owner><ID>7b7b584f27902c2c93137fdcfa7ec7b4c869ae5e7918d18bd35b75dcea17e266</ID><DisplayName>mikesilvis</DisplayName></Owner><StorageClass>STANDARD</StorageClass></Contents><Contents><Key>mlb-teams/headers/tb.png</Key><LastModified>2015-03-07T14:30:26.000Z</LastModified><ETag>&quot;8fae9684cdf21ac150236d9a6fa60d30&quot;</ETag><Size>185367</Size><Owner><ID>7b7b584f27902c2c93137fdcfa7ec7b4c869ae5e7918d18bd35b75dcea17e266</ID><DisplayName>mikesilvis</DisplayName></Owner><StorageClass>STANDARD</StorageClass></Contents><Contents><Key>mlb-teams/headers/tex.png</Key><LastModified>2015-03-07T14:30:26.000Z</LastModified><ETag>&quot;bac673cdd2620ce27c9a0cf912a48350&quot;</ETag><Size>149521</Size><Owner><ID>7b7b584f27902c2c93137fdcfa7ec7b4c869ae5e7918d18bd35b75dcea17e266</ID><DisplayName>mikesilvis</DisplayName></Owner><StorageClass>STANDARD</StorageClass></Contents><Contents><Key>mlb-teams/headers/tor.png</Key><LastModified>2015-03-07T14:30:27.000Z</LastModified><ETag>&quot;4996037571230a81d46504071f42812f&quot;</ETag><Size>128805</Size><Owner><ID>7b7b584f27902c2c93137fdcfa7ec7b4c869ae5e7918d18bd35b75dcea17e266</ID><DisplayName>mikesilvis</DisplayName></Owner><StorageClass>STANDARD</StorageClass></Contents><Contents><Key>mlb-teams/headers/wsh.png</Key><LastModified>2015-03-07T14:30:27.000Z</LastModified><ETag>&quot;5e6f50b83b33d9822442fd0094c0cf04&quot;</ETag><Size>142509</Size><Owner><ID>7b7b584f27902c2c93137fdcfa7ec7b4c869ae5e7918d18bd35b75dcea17e266</ID><DisplayName>mikesilvis</DisplayName></Owner><StorageClass>STANDARD</StorageClass></Contents></ListBucketResult>
    http_version: 
  recorded_at: Thu, 12 Mar 2015 15:27:55 GMT
- request:
    method: get
    uri: https://jumbotron.s3.amazonaws.com/?prefix=mlb-teams/blurred-headers
    body:
      encoding: US-ASCII
      string: ''
    headers:
      User-Agent:
      - fog/1.28.0 fog-core/1.29.0
      X-Amz-Date:
      - 20150312T152755Z
      X-Amz-Content-Sha256:
      - e3b0c44298fc1c149afbf4c8996fb92427ae41e4649b934ca495991b7852b855
      Authorization:
      - AWS4-HMAC-SHA256 Credential=AKIAIVXQW4R7NNLJLUUA/20150312/us-east-1/s3/aws4_request,
        SignedHeaders=host;x-amz-content-sha256;x-amz-date, Signature=5ae905e2157816b04763c98e9e433e533f21da80a1250783f8cff112346398f9
  response:
    status:
      code: 200
      message: ''
    headers:
      X-Amz-Id-2:
      - tmc+SMuD58AvNDwV+F2Zr+d5CLDW4ovD1Lklgz08d00lodnPm0rbsSGM6VJ9XpP0
      X-Amz-Request-Id:
      - 9FCF5E76B57F4EF1
      Date:
      - Thu, 12 Mar 2015 15:27:51 GMT
      Content-Type:
      - application/xml
      Server:
      - AmazonS3
    body:
      encoding: UTF-8
      string: |-
        <?xml version="1.0" encoding="UTF-8"?>
        <ListBucketResult xmlns="http://s3.amazonaws.com/doc/2006-03-01/"><Name>jumbotron</Name><Prefix>mlb-teams/blurred-headers</Prefix><Marker></Marker><MaxKeys>1000</MaxKeys><IsTruncated>false</IsTruncated><Contents><Key>mlb-teams/blurred-headers/</Key><LastModified>2015-03-07T14:11:20.000Z</LastModified><ETag>&quot;d41d8cd98f00b204e9800998ecf8427e&quot;</ETag><Size>0</Size><Owner><ID>7b7b584f27902c2c93137fdcfa7ec7b4c869ae5e7918d18bd35b75dcea17e266</ID><DisplayName>mikesilvis</DisplayName></Owner><StorageClass>STANDARD</StorageClass></Contents><Contents><Key>mlb-teams/blurred-headers/ari.png</Key><LastModified>2015-03-07T14:30:41.000Z</LastModified><ETag>&quot;df686a03efec73cf3deb415530650048&quot;</ETag><Size>314075</Size><Owner><ID>7b7b584f27902c2c93137fdcfa7ec7b4c869ae5e7918d18bd35b75dcea17e266</ID><DisplayName>mikesilvis</DisplayName></Owner><StorageClass>STANDARD</StorageClass></Contents><Contents><Key>mlb-teams/blurred-headers/atl.png</Key><LastModified>2015-03-07T14:30:42.000Z</LastModified><ETag>&quot;3db89a020eae7ad96d8157134973079a&quot;</ETag><Size>336167</Size><Owner><ID>7b7b584f27902c2c93137fdcfa7ec7b4c869ae5e7918d18bd35b75dcea17e266</ID><DisplayName>mikesilvis</DisplayName></Owner><StorageClass>STANDARD</StorageClass></Contents><Contents><Key>mlb-teams/blurred-headers/bal.png</Key><LastModified>2015-03-07T14:30:43.000Z</LastModified><ETag>&quot;dcd346465103879b49d88d20c8b15730&quot;</ETag><Size>337843</Size><Owner><ID>7b7b584f27902c2c93137fdcfa7ec7b4c869ae5e7918d18bd35b75dcea17e266</ID><DisplayName>mikesilvis</DisplayName></Owner><StorageClass>STANDARD</StorageClass></Contents><Contents><Key>mlb-teams/blurred-headers/bos.png</Key><LastModified>2015-03-07T14:30:44.000Z</LastModified><ETag>&quot;c72d48910d05cce7fd9433774ef467cd&quot;</ETag><Size>248608</Size><Owner><ID>7b7b584f27902c2c93137fdcfa7ec7b4c869ae5e7918d18bd35b75dcea17e266</ID><DisplayName>mikesilvis</DisplayName></Owner><StorageClass>STANDARD</StorageClass></Contents><Contents><Key>mlb-teams/blurred-headers/chc.png</Key><LastModified>2015-03-07T14:30:45.000Z</LastModified><ETag>&quot;d475cfbc50d337786c2fab2541e261f6&quot;</ETag><Size>337761</Size><Owner><ID>7b7b584f27902c2c93137fdcfa7ec7b4c869ae5e7918d18bd35b75dcea17e266</ID><DisplayName>mikesilvis</DisplayName></Owner><StorageClass>STANDARD</StorageClass></Contents><Contents><Key>mlb-teams/blurred-headers/chw.png</Key><LastModified>2015-03-07T14:30:46.000Z</LastModified><ETag>&quot;f6dd364b37a2df50d50a5d3459cd455e&quot;</ETag><Size>371044</Size><Owner><ID>7b7b584f27902c2c93137fdcfa7ec7b4c869ae5e7918d18bd35b75dcea17e266</ID><DisplayName>mikesilvis</DisplayName></Owner><StorageClass>STANDARD</StorageClass></Contents><Contents><Key>mlb-teams/blurred-headers/cin.png</Key><LastModified>2015-03-07T14:30:48.000Z</LastModified><ETag>&quot;a7e0a33d3fe24ea8a1116686202a8440&quot;</ETag><Size>331619</Size><Owner><ID>7b7b584f27902c2c93137fdcfa7ec7b4c869ae5e7918d18bd35b75dcea17e266</ID><DisplayName>mikesilvis</DisplayName></Owner><StorageClass>STANDARD</StorageClass></Contents><Contents><Key>mlb-teams/blurred-headers/cle.png</Key><LastModified>2015-03-07T14:30:49.000Z</LastModified><ETag>&quot;8f9359ab55e1f64f52d2a2723ec4e9cb&quot;</ETag><Size>374556</Size><Owner><ID>7b7b584f27902c2c93137fdcfa7ec7b4c869ae5e7918d18bd35b75dcea17e266</ID><DisplayName>mikesilvis</DisplayName></Owner><StorageClass>STANDARD</StorageClass></Contents><Contents><Key>mlb-teams/blurred-headers/col.png</Key><LastModified>2015-03-07T14:30:50.000Z</LastModified><ETag>&quot;ac48ffbed2145aba35cb603bf77ac61e&quot;</ETag><Size>208201</Size><Owner><ID>7b7b584f27902c2c93137fdcfa7ec7b4c869ae5e7918d18bd35b75dcea17e266</ID><DisplayName>mikesilvis</DisplayName></Owner><StorageClass>STANDARD</StorageClass></Contents><Contents><Key>mlb-teams/blurred-headers/det.png</Key><LastModified>2015-03-07T14:30:51.000Z</LastModified><ETag>&quot;5be9290ed4d380a7f6933d11c20d7d19&quot;</ETag><Size>354830</Size><Owner><ID>7b7b584f27902c2c93137fdcfa7ec7b4c869ae5e7918d18bd35b75dcea17e266</ID><DisplayName>mikesilvis</DisplayName></Owner><StorageClass>STANDARD</StorageClass></Contents><Contents><Key>mlb-teams/blurred-headers/hou.png</Key><LastModified>2015-03-07T14:30:54.000Z</LastModified><ETag>&quot;aa75e34a6d52023694591612d2a46f44&quot;</ETag><Size>315549</Size><Owner><ID>7b7b584f27902c2c93137fdcfa7ec7b4c869ae5e7918d18bd35b75dcea17e266</ID><DisplayName>mikesilvis</DisplayName></Owner><StorageClass>STANDARD</StorageClass></Contents><Contents><Key>mlb-teams/blurred-headers/kc.png</Key><LastModified>2015-03-07T14:30:55.000Z</LastModified><ETag>&quot;d1d48e2215bd43e1059b908ea514e7d0&quot;</ETag><Size>230612</Size><Owner><ID>7b7b584f27902c2c93137fdcfa7ec7b4c869ae5e7918d18bd35b75dcea17e266</ID><DisplayName>mikesilvis</DisplayName></Owner><StorageClass>STANDARD</StorageClass></Contents><Contents><Key>mlb-teams/blurred-headers/laa.png</Key><LastModified>2015-03-07T14:30:55.000Z</LastModified><ETag>&quot;7215c59439f54528d7bb24a02351fe14&quot;</ETag><Size>167348</Size><Owner><ID>7b7b584f27902c2c93137fdcfa7ec7b4c869ae5e7918d18bd35b75dcea17e266</ID><DisplayName>mikesilvis</DisplayName></Owner><StorageClass>STANDARD</StorageClass></Contents><Contents><Key>mlb-teams/blurred-headers/lad.png</Key><LastModified>2015-03-07T14:30:56.000Z</LastModified><ETag>&quot;21dd0551425a20123e8ff53b4796a7e8&quot;</ETag><Size>220991</Size><Owner><ID>7b7b584f27902c2c93137fdcfa7ec7b4c869ae5e7918d18bd35b75dcea17e266</ID><DisplayName>mikesilvis</DisplayName></Owner><StorageClass>STANDARD</StorageClass></Contents><Contents><Key>mlb-teams/blurred-headers/mia.png</Key><LastModified>2015-03-07T14:30:56.000Z</LastModified><ETag>&quot;befa48ea44021d033e6aaa7288d5c2df&quot;</ETag><Size>272430</Size><Owner><ID>7b7b584f27902c2c93137fdcfa7ec7b4c869ae5e7918d18bd35b75dcea17e266</ID><DisplayName>mikesilvis</DisplayName></Owner><StorageClass>STANDARD</StorageClass></Contents><Contents><Key>mlb-teams/blurred-headers/mil.png</Key><LastModified>2015-03-07T14:30:59.000Z</LastModified><ETag>&quot;26647891e912e22a2fc67b8748f60403&quot;</ETag><Size>308674</Size><Owner><ID>7b7b584f27902c2c93137fdcfa7ec7b4c869ae5e7918d18bd35b75dcea17e266</ID><DisplayName>mikesilvis</DisplayName></Owner><StorageClass>STANDARD</StorageClass></Contents><Contents><Key>mlb-teams/blurred-headers/min.png</Key><LastModified>2015-03-07T14:30:59.000Z</LastModified><ETag>&quot;794974a43d7bc1195ddf5f4f028cd4d8&quot;</ETag><Size>273285</Size><Owner><ID>7b7b584f27902c2c93137fdcfa7ec7b4c869ae5e7918d18bd35b75dcea17e266</ID><DisplayName>mikesilvis</DisplayName></Owner><StorageClass>STANDARD</StorageClass></Contents><Contents><Key>mlb-teams/blurred-headers/nym.png</Key><LastModified>2015-03-07T14:31:03.000Z</LastModified><ETag>&quot;650989341284f583c1e5714c5bcf55a0&quot;</ETag><Size>381729</Size><Owner><ID>7b7b584f27902c2c93137fdcfa7ec7b4c869ae5e7918d18bd35b75dcea17e266</ID><DisplayName>mikesilvis</DisplayName></Owner><StorageClass>STANDARD</StorageClass></Contents><Contents><Key>mlb-teams/blurred-headers/nyy.png</Key><LastModified>2015-03-07T14:31:04.000Z</LastModified><ETag>&quot;f63753bf89493a0e99f8e23cb1b05b99&quot;</ETag><Size>261778</Size><Owner><ID>7b7b584f27902c2c93137fdcfa7ec7b4c869ae5e7918d18bd35b75dcea17e266</ID><DisplayName>mikesilvis</DisplayName></Owner><StorageClass>STANDARD</StorageClass></Contents><Contents><Key>mlb-teams/blurred-headers/oak.png</Key><LastModified>2015-03-07T14:31:05.000Z</LastModified><ETag>&quot;d0b7f07408b0105cb72659afe9915e33&quot;</ETag><Size>368944</Size><Owner><ID>7b7b584f27902c2c93137fdcfa7ec7b4c869ae5e7918d18bd35b75dcea17e266</ID><DisplayName>mikesilvis</DisplayName></Owner><StorageClass>STANDARD</StorageClass></Contents><Contents><Key>mlb-teams/blurred-headers/phi.png</Key><LastModified>2015-03-07T14:31:08.000Z</LastModified><ETag>&quot;a804d119795c23f3b0d4c2754eeacc0c&quot;</ETag><Size>234515</Size><Owner><ID>7b7b584f27902c2c93137fdcfa7ec7b4c869ae5e7918d18bd35b75dcea17e266</ID><DisplayName>mikesilvis</DisplayName></Owner><StorageClass>STANDARD</StorageClass></Contents><Contents><Key>mlb-teams/blurred-headers/pit.png</Key><LastModified>2015-03-07T14:31:08.000Z</LastModified><ETag>&quot;0dd53b6087b4f1b76d92ab2c889790c6&quot;</ETag><Size>271572</Size><Owner><ID>7b7b584f27902c2c93137fdcfa7ec7b4c869ae5e7918d18bd35b75dcea17e266</ID><DisplayName>mikesilvis</DisplayName></Owner><StorageClass>STANDARD</StorageClass></Contents><Contents><Key>mlb-teams/blurred-headers/sd.png</Key><LastModified>2015-03-07T14:31:09.000Z</LastModified><ETag>&quot;065341ae74e1c67c685327373f2556dd&quot;</ETag><Size>241916</Size><Owner><ID>7b7b584f27902c2c93137fdcfa7ec7b4c869ae5e7918d18bd35b75dcea17e266</ID><DisplayName>mikesilvis</DisplayName></Owner><StorageClass>STANDARD</StorageClass></Contents><Contents><Key>mlb-teams/blurred-headers/sea.png</Key><LastModified>2015-03-07T14:31:10.000Z</LastModified><ETag>&quot;808da7b57bddcceeb2784de4c5654b93&quot;</ETag><Size>321705</Size><Owner><ID>7b7b584f27902c2c93137fdcfa7ec7b4c869ae5e7918d18bd35b75dcea17e266</ID><DisplayName>mikesilvis</DisplayName></Owner><StorageClass>STANDARD</StorageClass></Contents><Contents><Key>mlb-teams/blurred-headers/sf.png</Key><LastModified>2015-03-07T14:31:12.000Z</LastModified><ETag>&quot;fb43a7ab20d6e351944f658e4f3d59fe&quot;</ETag><Size>360505</Size><Owner><ID>7b7b584f27902c2c93137fdcfa7ec7b4c869ae5e7918d18bd35b75dcea17e266</ID><DisplayName>mikesilvis</DisplayName></Owner><StorageClass>STANDARD</StorageClass></Contents><Contents><Key>mlb-teams/blurred-headers/stl.png</Key><LastModified>2015-03-07T14:31:12.000Z</LastModified><ETag>&quot;90dc467753f439fcd5e2709f804ce756&quot;</ETag><Size>315898</Size><Owner><ID>7b7b584f27902c2c93137fdcfa7ec7b4c869ae5e7918d18bd35b75dcea17e266</ID><DisplayName>mikesilvis</DisplayName></Owner><StorageClass>STANDARD</StorageClass></Contents><Contents><Key>mlb-teams/blurred-headers/tb.png</Key><LastModified>2015-03-07T14:31:13.000Z</LastModified><ETag>&quot;f71b893b4dbb4dfd52217d5cac7148a4&quot;</ETag><Size>284581</Size><Owner><ID>7b7b584f27902c2c93137fdcfa7ec7b4c869ae5e7918d18bd35b75dcea17e266</ID><DisplayName>mikesilvis</DisplayName></Owner><StorageClass>STANDARD</StorageClass></Contents><Contents><Key>mlb-teams/blurred-headers/tex.png</Key><LastModified>2015-03-07T14:31:16.000Z</LastModified><ETag>&quot;df228e00a1efc9d48984fafba2c3d1c3&quot;</ETag><Size>188722</Size><Owner><ID>7b7b584f27902c2c93137fdcfa7ec7b4c869ae5e7918d18bd35b75dcea17e266</ID><DisplayName>mikesilvis</DisplayName></Owner><StorageClass>STANDARD</StorageClass></Contents><Contents><Key>mlb-teams/blurred-headers/tor.png</Key><LastModified>2015-03-07T14:31:17.000Z</LastModified><ETag>&quot;cceb001f37510e81a916d76566869f2e&quot;</ETag><Size>178378</Size><Owner><ID>7b7b584f27902c2c93137fdcfa7ec7b4c869ae5e7918d18bd35b75dcea17e266</ID><DisplayName>mikesilvis</DisplayName></Owner><StorageClass>STANDARD</StorageClass></Contents><Contents><Key>mlb-teams/blurred-headers/wsh.png</Key><LastModified>2015-03-07T14:31:17.000Z</LastModified><ETag>&quot;018d0d02ab2e68a081b048b176e7b8d8&quot;</ETag><Size>178962</Size><Owner><ID>7b7b584f27902c2c93137fdcfa7ec7b4c869ae5e7918d18bd35b75dcea17e266</ID><DisplayName>mikesilvis</DisplayName></Owner><StorageClass>STANDARD</StorageClass></Contents></ListBucketResult>
    http_version: 
  recorded_at: Thu, 12 Mar 2015 15:27:57 GMT
recorded_with: VCR 2.9.3
